Component: ARM Compiler 5.06 update 5 (build 528) Tool: armlink [4d35e2]

==============================================================================

Section Cross References

    startup_stm32f10x_md.o(STACK) refers (Special) to heapauxi.o(.text) for __use_two_region_memory
    startup_stm32f10x_md.o(HEAP) refers (Special) to heapauxi.o(.text) for __use_two_region_memory
    startup_stm32f10x_md.o(RESET) refers (Special) to heapauxi.o(.text) for __use_two_region_memory
    startup_stm32f10x_md.o(RESET) refers to startup_stm32f10x_md.o(STACK) for __initial_sp
    startup_stm32f10x_md.o(RESET) refers to startup_stm32f10x_md.o(.text) for Reset_Handler
    startup_stm32f10x_md.o(RESET) refers to stm32f10x_it.o(i.NMI_Handler) for NMI_Handler
    startup_stm32f10x_md.o(RESET) refers to stm32f10x_it.o(i.HardFault_Handler) for HardFault_Handler
    startup_stm32f10x_md.o(RESET) refers to stm32f10x_it.o(i.MemManage_Handler) for MemManage_Handler
    startup_stm32f10x_md.o(RESET) refers to stm32f10x_it.o(i.BusFault_Handler) for BusFault_Handler
    startup_stm32f10x_md.o(RESET) refers to stm32f10x_it.o(i.UsageFault_Handler) for UsageFault_Handler
    startup_stm32f10x_md.o(RESET) refers to stm32f10x_it.o(i.SVC_Handler) for SVC_Handler
    startup_stm32f10x_md.o(RESET) refers to stm32f10x_it.o(i.DebugMon_Handler) for DebugMon_Handler
    startup_stm32f10x_md.o(RESET) refers to stm32f10x_it.o(i.PendSV_Handler) for PendSV_Handler
    startup_stm32f10x_md.o(RESET) refers to stm32f10x_it.o(i.SysTick_Handler) for SysTick_Handler
    startup_stm32f10x_md.o(.text) refers (Special) to heapauxi.o(.text) for __use_two_region_memory
    startup_stm32f10x_md.o(.text) refers to system_stm32f10x.o(i.SystemInit) for SystemInit
    startup_stm32f10x_md.o(.text) refers to __main.o(!!!main) for __main
    startup_stm32f10x_md.o(.text) refers to startup_stm32f10x_md.o(HEAP) for Heap_Mem
    startup_stm32f10x_md.o(.text) refers to startup_stm32f10x_md.o(STACK) for Stack_Mem
    system_stm32f10x.o(i.SetSysClock) refers to system_stm32f10x.o(i.SetSysClockTo72) for SetSysClockTo72
    system_stm32f10x.o(i.SystemCoreClockUpdate) refers to system_stm32f10x.o(.data) for SystemCoreClock
    system_stm32f10x.o(i.SystemInit) refers to system_stm32f10x.o(i.SetSysClock) for SetSysClock
    stm32f10x_adc.o(i.ADC_DeInit) refers to stm32f10x_rcc.o(i.RCC_APB2PeriphResetCmd) for RCC_APB2PeriphResetCmd
    stm32f10x_bkp.o(i.BKP_DeInit) refers to stm32f10x_rcc.o(i.RCC_BackupResetCmd) for RCC_BackupResetCmd
    stm32f10x_can.o(i.CAN_DeInit) refers to stm32f10x_rcc.o(i.RCC_APB1PeriphResetCmd) for RCC_APB1PeriphResetCmd
    stm32f10x_can.o(i.CAN_GetITStatus) refers to stm32f10x_can.o(i.CheckITStatus) for CheckITStatus
    stm32f10x_cec.o(i.CEC_DeInit) refers to stm32f10x_rcc.o(i.RCC_APB1PeriphResetCmd) for RCC_APB1PeriphResetCmd
    stm32f10x_dac.o(i.DAC_DeInit) refers to stm32f10x_rcc.o(i.RCC_APB1PeriphResetCmd) for RCC_APB1PeriphResetCmd
    stm32f10x_flash.o(i.FLASH_EnableWriteProtection) refers to stm32f10x_flash.o(i.FLASH_WaitForLastOperation) for FLASH_WaitForLastOperation
    stm32f10x_flash.o(i.FLASH_EraseAllBank1Pages) refers to stm32f10x_flash.o(i.FLASH_WaitForLastBank1Operation) for FLASH_WaitForLastBank1Operation
    stm32f10x_flash.o(i.FLASH_EraseAllPages) refers to stm32f10x_flash.o(i.FLASH_WaitForLastOperation) for FLASH_WaitForLastOperation
    stm32f10x_flash.o(i.FLASH_EraseOptionBytes) refers to stm32f10x_flash.o(i.FLASH_GetReadOutProtectionStatus) for FLASH_GetReadOutProtectionStatus
    stm32f10x_flash.o(i.FLASH_EraseOptionBytes) refers to stm32f10x_flash.o(i.FLASH_WaitForLastOperation) for FLASH_WaitForLastOperation
    stm32f10x_flash.o(i.FLASH_ErasePage) refers to stm32f10x_flash.o(i.FLASH_WaitForLastOperation) for FLASH_WaitForLastOperation
    stm32f10x_flash.o(i.FLASH_ProgramHalfWord) refers to stm32f10x_flash.o(i.FLASH_WaitForLastOperation) for FLASH_WaitForLastOperation
    stm32f10x_flash.o(i.FLASH_ProgramOptionByteData) refers to stm32f10x_flash.o(i.FLASH_WaitForLastOperation) for FLASH_WaitForLastOperation
    stm32f10x_flash.o(i.FLASH_ProgramWord) refers to stm32f10x_flash.o(i.FLASH_WaitForLastOperation) for FLASH_WaitForLastOperation
    stm32f10x_flash.o(i.FLASH_ReadOutProtection) refers to stm32f10x_flash.o(i.FLASH_WaitForLastOperation) for FLASH_WaitForLastOperation
    stm32f10x_flash.o(i.FLASH_UserOptionByteConfig) refers to stm32f10x_flash.o(i.FLASH_WaitForLastOperation) for FLASH_WaitForLastOperation
    stm32f10x_flash.o(i.FLASH_WaitForLastBank1Operation) refers to stm32f10x_flash.o(i.FLASH_GetBank1Status) for FLASH_GetBank1Status
    stm32f10x_flash.o(i.FLASH_WaitForLastOperation) refers to stm32f10x_flash.o(i.FLASH_GetBank1Status) for FLASH_GetBank1Status
    stm32f10x_gpio.o(i.GPIO_AFIODeInit) refers to stm32f10x_rcc.o(i.RCC_APB2PeriphResetCmd) for RCC_APB2PeriphResetCmd
[...]
    Hardware\bluetooth.c                     0x00000000   Number         0  bluetooth.o ABSOLUTE
    Hardware\oled.c                          0x00000000   Number         0  oled.o ABSOLUTE
    Hardware\swich.c                         0x00000000   Number         0  swich.o ABSOLUTE
    Library\misc.c                           0x00000000   Number         0  misc.o ABSOLUTE
    Library\stm32f10x_adc.c                  0x00000000   Number         0  stm32f10x_adc.o ABSOLUTE
    Library\stm32f10x_bkp.c                  0x00000000   Number         0  stm32f10x_bkp.o ABSOLUTE
    Library\stm32f10x_can.c                  0x00000000   Number         0  stm32f10x_can.o ABSOLUTE
    Library\stm32f10x_cec.c                  0x00000000   Number         0  stm32f10x_cec.o ABSOLUTE
    Library\stm32f10x_crc.c                  0x00000000   Number         0  stm32f10x_crc.o ABSOLUTE
    Library\stm32f10x_dac.c                  0x00000000   Number         0  stm32f10x_dac.o ABSOLUTE
    Library\stm32f10x_dbgmcu.c               0x00000000   Number         0  stm32f10x_dbgmcu.o ABSOLUTE
    Library\stm32f10x_dma.c                  0x00000000   Number         0  stm32f10x_dma.o ABSOLUTE
    Library\stm32f10x_exti.c                 0x00000000   Number         0  stm32f10x_exti.o ABSOLUTE
    Library\stm32f10x_flash.c                0x00000000   Number         0  stm32f10x_flash.o ABSOLUTE
    Library\stm32f10x_fsmc.c                 0x00000000   Number         0  stm32f10x_fsmc.o ABSOLUTE
    Library\stm32f10x_gpio.c                 0x00000000   Number         0  stm32f10x_gpio.o ABSOLUTE
    Library\stm32f10x_i2c.c                  0x00000000   Number         0  stm32f10x_i2c.o ABSOLUTE
    Library\stm32f10x_iwdg.c                 0x00000000   Number         0  stm32f10x_iwdg.o ABSOLUTE
    Library\stm32f10x_pwr.c                  0x00000000   Number         0  stm32f10x_pwr.o ABSOLUTE
    Library\stm32f10x_rcc.c                  0x00000000   Number         0  stm32f10x_rcc.o ABSOLUTE
    Library\stm32f10x_rtc.c                  0x00000000   Number         0  stm32f10x_rtc.o ABSOLUTE
    Library\stm32f10x_sdio.c                 0x00000000   Number         0  stm32f10x_sdio.o ABSOLUTE
    Library\stm32f10x_spi.c                  0x00000000   Number         0  stm32f10x_spi.o ABSOLUTE
    Library\stm32f10x_tim.c                  0x00000000   Number         0  stm32f10x_tim.o ABSOLUTE
    Library\stm32f10x_usart.c                0x00000000   Number         0  stm32f10x_usart.o ABSOLUTE
    Library\stm32f10x_wwdg.c                 0x00000000   Number         0  stm32f10x_wwdg.o ABSOLUTE
    Start\\core_cm3.c                        0x00000000   Number         0  core_cm3.o ABSOLUTE
    Start\core_cm3.c                         0x00000000   Number         0  core_cm3.o ABSOLUTE
    Start\startup_stm32f10x_md.s             0x00000000   Number         0  startup_stm32f10x_md.o ABSOLUTE
    Start\system_stm32f10x.c                 0x00000000   Number         0  system_stm32f10x.o ABSOLUTE
    System\delay\delay.c                     0x00000000   Number         0  delay.o ABSOLUTE
    System\sys\sys.c                         0x00000000   Number         0  sys.o ABSOLUTE
    User\main.c                              0x00000000   Number         0  main.o ABSOLUTE
    User\stm32f10x_it.c                      0x00000000   Number         0  stm32f10x_it.o ABSOLUTE
    dc.s                                     0x00000000   Number         0  dc.o ABSOLUTE
    RESET                                    0x08000000   Section      236  startup_stm32f10x_md.o(RESET)
    !!!main                                  0x080000ec   Section        8  __main.o(!!!main)
    !!!scatter                               0x080000f4   Section       52  __scatter.o(!!!scatter)
    !!dczerorl2                              0x08000128   Section       90  __dczerorl2.o(!!dczerorl2)
    !!handler_zi                             0x08000184   Section       28  __scatter_zi.o(!!handler_zi)
    .ARM.Collect$$_printf_percent$$00000000  0x080001a0   Section        0  _printf_percent.o(.ARM.Collect$$_printf_percent$$00000000)
    .ARM.Collect$$_printf_percent$$00000003  0x080001a0   Section        6  _printf_f.o(.ARM.Collect$$_printf_percent$$00000003)
    .ARM.Collect$$_printf_percent$$00000017  0x080001a6   Section        4  _printf_percent_end.o(.ARM.Collect$$_printf_percent$$00000017)
    .ARM.Collect$$libinit$$00000000          0x080001aa   Section        2  libinit.o(.ARM.Collect$$libinit$$00000000)
    .ARM.Collect$$libinit$$00000002          0x080001ac   Section        0  libinit2.o(.ARM.Collect$$libinit$$00000002)
    .ARM.Collect$$libinit$$00000004          0x080001ac   Section        0  libinit2.o(.ARM.Collect$$libinit$$00000004)
    .ARM.Collect$$libinit$$0000000A          0x080001ac   Section        0  libinit2.o(.ARM.Collect$$libinit$$0000000A)
    .ARM.Collect$$libinit$$0000000C          0x080001ac   Section        0  libinit2.o(.ARM.Collect$$libinit$$0000000C)
    .ARM.Collect$$libinit$$0000000E          0x080001ac   Section        0  libinit2.o(.ARM.Collect$$libinit$$0000000E)
    .ARM.Collect$$libinit$$0000000F          0x080001ac   Section        6  libinit2.o(.ARM.Collect$$libinit$$0000000F)
    .ARM.Collect$$libinit$$00000011          0x080001b2   Section        0  libinit2.o(.ARM.Collect$$libinit$$00000011)
    .ARM.Collect$$libinit$$00000013          0x080001b2   Section        0  libinit2.o(.ARM.Collect$$libinit$$00000013)
    .ARM.Collect$$libinit$$00000015          0x080001b2   Section        0  libinit2.o(.ARM.Collect$$libinit$$00000015)
    .ARM.Collect$$libinit$$00000016          0x080001b2   Section       10  libinit2.o(.ARM.Collect$$libinit$$00000016)
    .ARM.Collect$$libinit$$00000017          0x080001bc   Section        0  libinit2.o(.ARM.Collect$$libinit$$00000017)
    .ARM.Collect$$libinit$$00000019          0x080001bc   Section        0  libinit2.o(.ARM.Collect$$libinit$$00000019)
    .ARM.Collect$$libinit$$0000001B          0x080001bc   Section        0  libinit2.o(.ARM.Collect$$libinit$$0000001B)
    .ARM.Collect$$libinit$$0000001D          0x080001bc   Section        0  libinit2.o(.ARM.Collect$$libinit$$0000001D)
    .ARM.Collect$$libinit$$0000001F          0x080001bc   Section        0  libinit2.o(.ARM.Collect$$libinit$$0000001F)
    .ARM.Collect$$libinit$$00000021          0x080001bc   Section        0  libinit2.o(.ARM.Collect$$libinit$$00000021)
    .ARM.Collect$$libinit$$00000023          0x080001bc   Section        0  libinit2.o(.ARM.Collect$$libinit$$00000023)
    .ARM.Collect$$libinit$$00000025          0x080001bc   Section        0  libinit2.o(.ARM.Collect$$libinit$$00000025)
    .ARM.Collect$$libinit$$0000002C          0x080001bc   Section        0  libinit2.o(.ARM.Collect$$libinit$$0000002C)
    .ARM.Collect$$libinit$$0000002E          0x080001bc   Section        0  libinit2.o(.ARM.Collect$$libinit$$0000002E)
    .ARM.Collect$$libinit$$00000030          0x080001bc   Section        0  libinit2.o(.ARM.Collect$$libinit$$00000030)
    .ARM.Collect$$libinit$$00000032          0x080001bc   Section        0  libinit2.o(.ARM.Collect$$libinit$$00000032)
    .ARM.Collect$$libinit$$00000033          0x080001bc   Section        2  libinit2.o(.ARM.Collect$$libinit$$00000033)
    .ARM.Collect$$libshutdown$$00000000      0x080001be   Section        2  libshutdown.o(.ARM.Collect$$libshutdown$$00000000)
    .ARM.Collect$$libshutdown$$00000002      0x080001c0   Section        0  libshutdown2.o(.ARM.Collect$$libshutdown$$00000002)
    .ARM.Collect$$libshutdown$$00000004      0x080001c0   Section        0  libshutdown2.o(.ARM.Collect$$libshutdown$$00000004)
    .ARM.Collect$$libshutdown$$00000007      0x080001c0   Section        0  libshutdown2.o(.ARM.Collect$$libshutdown$$00000007)
    .ARM.Collect$$libshutdown$$0000000A      0x080001c0   Section        0  libshutdown2.o(.ARM.Collect$$libshutdown$$0000000A)
    .ARM.Collect$$libshutdown$$0000000C      0x080001c0   Section        0  libshutdown2.o(.ARM.Collect$$libshutdown$$0000000C)
    .ARM.Collect$$libshutdown$$0000000F      0x080001c0   Section        0  libshutdown2.o(.ARM.Collect$$libshutdown$$0000000F)
    .ARM.Collect$$libshutdown$$00000010      0x080001c0   Section        2  libshutdown2.o(.ARM.Collect$$libshutdown$$00000010)
    .ARM.Collect$$rtentry$$00000000          0x080001c2   Section        0  __rtentry.o(.ARM.Collect$$rtentry$$00000000)
    .ARM.Collect$$rtentry$$00000002          0x080001c2   Section        0  __rtentry2.o(.ARM.Collect$$rtentry$$00000002)
    .ARM.Collect$$rtentry$$00000004          0x080001c2   Section        6  __rtentry4.o(.ARM.Collect$$rtentry$$00000004)
    .ARM.Collect$$rtentry$$00000009          0x080001c8   Section        0  __rtentry2.o(.ARM.Collect$$rtentry$$00000009)
    .ARM.Collect$$rtentry$$0000000A          0x080001c8   Section        4  __rtentry2.o(.ARM.Collect$$rtentry$$0000000A)
    .ARM.Collect$$rtentry$$0000000C          0x080001cc   Section        0  __rtentry2.o(.ARM.Collect$$rtentry$$0000000C)
    .ARM.Collect$$rtentry$$0000000D          0x080001cc   Section        8  __rtentry2.o(.ARM.Collect$$rtentry$$0000000D)
    .ARM.Collect$$rtexit$$00000000           0x080001d4   Section        2  rtexit.o(.ARM.Collect$$rtexit$$00000000)
    .ARM.Collect$$rtexit$$00000002           0x080001d6   Section        0  rtexit2.o(.ARM.Collect$$rtexit$$00000002)
    .ARM.Collect$$rtexit$$00000003           0x080001d6   Section        4  rtexit2.o(.ARM.Collect$$rtexit$$00000003)
    .ARM.Collect$$rtexit$$00000004           0x080001da   Section        6  rtexit2.o(.ARM.Collect$$rtexit$$00000004)
    .text                                    0x080001e0   Section       64  startup_stm32f10x_md.o(.text)
    .text                                    0x08000220   Section        0  noretval__2sprintf.o(.text)
    .text                                    0x08000248   Section        0  __printf_wp.o(.text)
    .text                                    0x08000356   Section        0  strcat.o(.text)
    .text                                    0x0800036e   Section      100  rt_memcpy_w.o(.text)
    .text                                    0x080003d2   Section        0  heapauxi.o(.text)
    .text                                    0x080003d8   Section        0  _rserrno.o(.text)
    .text                                    0x080003ee   Section        0  _printf_fp_dec.o(.text)
    _fp_digits                               0x080003f1   Thumb Code   432  _printf_fp_dec.o(.text)
    .text                                    0x0800080c   Section        0  _printf_char_common.o(.text)
    _printf_input_char                       0x0800080d   Thumb Code    10  _printf_char_common.o(.text)
    .text                                    0x0800083c   Section        0  _sputc.o(.text)
    .text                                    0x08000848   Section        8  rt_locale_intlibspace.o(.text)
    .text                                    0x08000850   Section        8  rt_errno_addr_intlibspace.o(.text)
    .text                                    0x08000858   Section      138  lludiv10.o(.text)
    .text                                    0x080008e4   Section        0  _printf_fp_infnan.o(.text)
    .text                                    0x08000964   Section        0  bigflt0.o(.text)
    .text                                    0x08000a48   Section        8  libspace.o(.text)
    .text                                    0x08000a50   Section       74  sys_stackheap_outer.o(.text)
    .text                                    0x08000a9a   Section        0  exit.o(.text)
    .text                                    0x08000aac   Section      128  strcmpv7m.o(.text)
    .text                                    0x08000b2c   Section        0  sys_exit.o(.text)
    .text                                    0x08000b38   Section        2  use_no_semi.o(.text)
    .text                                    0x08000b3a   Section        0  indicate_semi.o(.text)
    CL$$btod_d2e                             0x08000b3a   Section       62  btod.o(CL$$btod_d2e)
    CL$$btod_d2e_denorm_low                  0x08000b78   Section       70  btod.o(CL$$btod_d2e_denorm_low)
    CL$$btod_d2e_norm_op1                    0x08000bbe   Section       96  btod.o(CL$$btod_d2e_norm_op1)
    CL$$btod_div_common                      0x08000c1e   Section      824  btod.o(CL$$btod_div_common)
    CL$$btod_e2e                             0x08000f56   Section      220  btod.o(CL$$btod_e2e)
    CL$$btod_ediv                            0x08001032   Section       42  btod.o(CL$$btod_ediv)
    CL$$btod_emul                            0x0800105c   Section       42  btod.o(CL$$btod_emul)
    CL$$btod_mult_common                     0x08001086   Section      580  btod.o(CL$$btod_mult_common)
    i.BusFault_Handler                       0x080012ca   Section        0  stm32f10x_it.o(i.BusFault_Handler)
    i.DebugMon_Handler                       0x080012ce   Section        0  stm32f10x_it.o(i.DebugMon_Handler)
    i.Delay_init                             0x080012d0   Section        0  delay.o(i.Delay_init)
    i.Delay_ms                               0x08001314   Section        0  delay.o(i.Delay_ms)
    i.Delay_us                               0x08001360   Section        0  delay.o(i.Delay_us)
    i.GPIO_Config_Init                       0x080013ac   Section        0  bluetooth.o(i.GPIO_Config_Init)
    i.GPIO_Init                              0x080013e8   Section        0  stm32f10x_gpio.o(i.GPIO_Init)
    i.GPIO_PinRemapConfig                    0x08001500   Section        0  stm32f10x_gpio.o(i.GPIO_PinRemapConfig)
    i.GPIO_ReadInputDataBit                  0x08001590   Section        0  stm32f10x_gpio.o(i.GPIO_ReadInputDataBit)
    i.GPIO_ResetBits                         0x080015a2   Section        0  stm32f10x_gpio.o(i.GPIO_ResetBits)
    i.GPIO_SetBits                           0x080015a6   Section        0  stm32f10x_gpio.o(i.GPIO_SetBits)
    i.GPIO_WriteBit                          0x080015aa   Section        0  stm32f10x_gpio.o(i.GPIO_WriteBit)
    i.HardFault_Handler                      0x080015b4   Section        0  stm32f10x_it.o(i.HardFault_Handler)
    i.IMUupdate                              0x080015b8   Section        0  main.o(i.IMUupdate)
    i.Key_GetNum                             0x08001a20   Section        0  key.o(i.Key_GetNum)
    i.Key_Init                               0x08001a48   Section        0  key.o(i.Key_Init)
    i.MPU6050_GetData                        0x08001a70   Section        0  mpu6050.o(i.MPU6050_GetData)
    i.MPU6050_Init                           0x08001b1c   Section        0  mpu6050.o(i.MPU6050_Init)
    i.MPU6050_ReadReg                        0x08001b54   Section        0  mpu6050.o(i.MPU6050_ReadReg)
    i.MPU6050_WriteReg                       0x08001b92   Section        0  mpu6050.o(i.MPU6050_WriteReg)
    i.MemManage_Handler                      0x08001bc0   Section        0  stm32f10x_it.o(i.MemManage_Handler)
    i.MyI2C_Init                             0x08001bc4   Section        0  myi2c.o(i.MyI2C_Init)
    i.MyI2C_R_SDA                            0x08001bfc   Section        0  myi2c.o(i.MyI2C_R_SDA)
    i.MyI2C_ReceiveAck                       0x08001c18   Section        0  myi2c.o(i.MyI2C_ReceiveAck)
    i.MyI2C_ReceiveByte                      0x08001c36   Section        0  myi2c.o(i.MyI2C_ReceiveByte)
    i.MyI2C_SendAck                          0x08001c6a   Section        0  myi2c.o(i.MyI2C_SendAck)
    i.MyI2C_SendByte                         0x08001c82   Section        0  myi2c.o(i.MyI2C_SendByte)
    i.MyI2C_Start                            0x08001cac   Section        0  myi2c.o(i.MyI2C_Start)
    i.MyI2C_Stop                             0x08001cc8   Section        0  myi2c.o(i.MyI2C_Stop)
    i.MyI2C_W_SCL                            0x08001ce0   Section        0  myi2c.o(i.MyI2C_W_SCL)
    i.MyI2C_W_SDA                            0x08001cfc   Section        0  myi2c.o(i.MyI2C_W_SDA)
    i.NMI_Handler                            0x08001d18   Section        0  stm32f10x_it.o(i.NMI_Handler)
    i.NVIC_Configuration2                    0x08001d1a   Section        0  bluetooth.o(i.NVIC_Configuration2)
    i.NVIC_Init                              0x08001d40   Section        0  misc.o(i.NVIC_Init)
    i.NVIC_PriorityGroupConfig               0x08001db0   Section        0  misc.o(i.NVIC_PriorityGroupConfig)
    i.OLED_Clear                             0x08001dc4   Section        0  oled.o(i.OLED_Clear)
    i.OLED_Init                              0x08001e04   Section        0  oled.o(i.OLED_Init)
    i.OLED_Set_Pos                           0x08001f34   Section        0  oled.o(i.OLED_Set_Pos)
    i.OLED_ShowCHinese                       0x08001f64   Section        0  oled.o(i.OLED_ShowCHinese)
    i.OLED_WR_Byte                           0x08001fcc   Section        0  oled.o(i.OLED_WR_Byte)
    i.PWM_Init                               0x08002050   Section        0  pwm.o(i.PWM_Init)
    i.PWM_SetCompare2                        0x080020e8   Section        0  pwm.o(i.PWM_SetCompare2)
    i.PendSV_Handler                         0x080020f8   Section        0  stm32f10x_it.o(i.PendSV_Handler)
    i.RCC_APB1PeriphClockCmd                 0x080020fc   Section        0  stm32f10x_rcc.o(i.RCC_APB1PeriphClockCmd)
    i.RCC_APB2PeriphClockCmd                 0x0800211c   Section        0  stm32f10x_rcc.o(i.RCC_APB2PeriphClockCmd)
    i.RCC_Configuration                      0x0800213c   Section        0  bluetooth.o(i.RCC_Configuration)
    i.RCC_GetClocksFreq                      0x08002150   Section        0  stm32f10x_rcc.o(i.RCC_GetClocksFreq)
    i.SVC_Handler                            0x08002224   Section        0  stm32f10x_it.o(i.SVC_Handler)
    i.Servo_Init                             0x08002226   Section        0  servo.o(i.Servo_Init)
    i.Servo_SetAngle                         0x08002230   Section        0  servo.o(i.Servo_SetAngle)
    i.SetSysClock                            0x0800226c   Section        0  system_stm32f10x.o(i.SetSysClock)
    SetSysClock                              0x0800226d   Thumb Code     8  system_stm32f10x.o(i.SetSysClock)
    i.SetSysClockTo72                        0x08002274   Section        0  system_stm32f10x.o(i.SetSysClockTo72)
    SetSysClockTo72                          0x08002275   Thumb Code   214  system_stm32f10x.o(i.SetSysClockTo72)
    i.Swich_Init                             0x08002354   Section        0  swich.o(i.Swich_Init)
    i.SysTick_CLKSourceConfig                0x08002398   Section        0  misc.o(i.SysTick_CLKSourceConfig)
    i.SysTick_Handler                        0x080023c0   Section        0  stm32f10x_it.o(i.SysTick_Handler)
    i.SystemInit                             0x080023c4   Section        0  system_stm32f10x.o(i.SystemInit)
    i.TIM_Cmd                                0x08002424   Section        0  stm32f10x_tim.o(i.TIM_Cmd)
    i.TIM_InternalClockConfig                0x0800243c   Section        0  stm32f10x_tim.o(i.TIM_InternalClockConfig)
    i.TIM_OC2Init                            0x08002448   Section        0  stm32f10x_tim.o(i.TIM_OC2Init)
    i.TIM_OCStructInit                       0x080024ec   Section        0  stm32f10x_tim.o(i.TIM_OCStructInit)
    i.TIM_SetCompare2                        0x08002500   Section        0  stm32f10x_tim.o(i.TIM_SetCompare2)
    i.TIM_TimeBaseInit                       0x08002504   Section        0  stm32f10x_tim.o(i.TIM_TimeBaseInit)
    i.USART_Cmd                              0x080025a8   Section        0  stm32f10x_usart.o(i.USART_Cmd)
    i.USART_Config_Init                      0x080025c0   Section        0  bluetooth.o(i.USART_Config_Init)
    i.USART_GetFlagStatus                    0x08002604   Section        0  stm32f10x_usart.o(i.USART_GetFlagStatus)
    i.USART_ITConfig                         0x0800261e   Section        0  stm32f10x_usart.o(i.USART_ITConfig)
    i.USART_Init                             0x08002668   Section        0  stm32f10x_usart.o(i.USART_Init)
    i.USART_SendData                         0x08002740   Section        0  stm32f10x_usart.o(i.USART_SendData)
    i.UsageFault_Handler                     0x08002748   Section        0  stm32f10x_it.o(i.UsageFault_Handler)
    i.__ARM_fpclassify                       0x0800274c   Section        0  fpclassify.o(i.__ARM_fpclassify)
    i.__kernel_poly                          0x08002774   Section        0  poly.o(i.__kernel_poly)
    i.__mathlib_dbl_infnan                   0x0800281e   Section        0  dunder.o(i.__mathlib_dbl_infnan)
    i.__mathlib_dbl_invalid                  0x08002824   Section        0  dunder.o(i.__mathlib_dbl_invalid)
    i.__mathlib_dbl_underflow                0x08002830   Section        0  dunder.o(i.__mathlib_dbl_underflow)
    i._is_digit                              0x08002840   Section        0  __printf_wp.o(i._is_digit)
    i.asin                                   0x08002850   Section        0  asin.o(i.asin)
    i.changeA                                0x08002ac0   Section        0  main.o(i.changeA)
    i.changeG                                0x08002afc   Section        0  main.o(i.changeG)
    i.main                                   0x08002b18   Section        0  main.o(i.main)
    i.sqrt                                   0x08002dd0   Section        0  sqrt.o(i.sqrt)
    locale$$code                             0x08002e1c   Section       44  lc_numeric_c.o(locale$$code)
    x$fpl$d2f                                0x08002e48   Section       98  d2f.o(x$fpl$d2f)
    x$fpl$dadd                               0x08002eac   Section      336  daddsub_clz.o(x$fpl$dadd)
    _dadd1                                   0x08002ebd   Thumb Code     0  daddsub_clz.o(x$fpl$dadd)
    x$fpl$dcheck1                            0x08002ffc   Section       16  dcheck1.o(x$fpl$dcheck1)
    x$fpl$ddiv                               0x0800300c   Section      688  ddiv.o(x$fpl$ddiv)
    ddiv_entry                               0x08003013   Thumb Code     0  ddiv.o(x$fpl$ddiv)
    x$fpl$dflt                               0x080032bc   Section       46  dflt_clz.o(x$fpl$dflt)
    x$fpl$dmul                               0x080032ec   Section      340  dmul.o(x$fpl$dmul)
    x$fpl$dnaninf                            0x08003440   Section      156  dnaninf.o(x$fpl$dnaninf)
    x$fpl$dretinf                            0x080034dc   Section       12  dretinf.o(x$fpl$dretinf)
    x$fpl$drsb                               0x080034e8   Section       22  daddsub_clz.o(x$fpl$drsb)
    x$fpl$dsqrt                              0x08003500   Section      460  dsqrt_noumaal.o(x$fpl$dsqrt)
    x$fpl$dsub                               0x080036cc   Section      468  daddsub_clz.o(x$fpl$dsub)
    _dsub1                                   0x080036dd   Thumb Code     0  daddsub_clz.o(x$fpl$dsub)
    x$fpl$f2d                                0x080038a0   Section       86  f2d.o(x$fpl$f2d)
    x$fpl$fadd                               0x080038f8   Section      196  faddsub_clz.o(x$fpl$fadd)
    _fadd1                                   0x08003907   Thumb Code     0  faddsub_clz.o(x$fpl$fadd)
    x$fpl$fcmpinf                            0x080039bc   Section       24  fcmpi.o(x$fpl$fcmpinf)
    x$fpl$fdiv                               0x080039d4   Section      388  fdiv.o(x$fpl$fdiv)
    _fdiv1                                   0x080039d5   Thumb Code     0  fdiv.o(x$fpl$fdiv)
    x$fpl$ffixu                              0x08003b58   Section       62  ffixu.o(x$fpl$ffixu)
    x$fpl$fflt                               0x08003b98   Section       48  fflt_clz.o(x$fpl$fflt)
    x$fpl$fleqf                              0x08003bc8   Section      104  fleqf.o(x$fpl$fleqf)
    x$fpl$fmul                               0x08003c30   Section      258  fmul.o(x$fpl$fmul)
    x$fpl$fnaninf                            0x08003d32   Section      140  fnaninf.o(x$fpl$fnaninf)
    x$fpl$fretinf                            0x08003dbe   Section       10  fretinf.o(x$fpl$fretinf)
    x$fpl$frleqf                             0x08003dc8   Section       98  frleqf.o(x$fpl$frleqf)
    x$fpl$fsub                               0x08003e2c   Section      234  faddsub_clz.o(x$fpl$fsub)
    _fsub1                                   0x08003e3b   Thumb Code     0  faddsub_clz.o(x$fpl$fsub)
    x$fpl$printf1                            0x08003f16   Section        4  printf1.o(x$fpl$printf1)
    x$fpl$retnan                             0x08003f1a   Section      100  retnan.o(x$fpl$retnan)
    x$fpl$scalbn                             0x08003f7e   Section       92  scalbn.o(x$fpl$scalbn)
    x$fpl$trapveneer                         0x08003fda   Section       48  trapv.o(x$fpl$trapveneer)
    x$fpl$usenofp                            0x0800400a   Section        0  usenofp.o(x$fpl$usenofp)
    .constdata                               0x0800400c   Section       21  main.o(.constdata)
    .constdata                               0x08004028   Section       80  asin.o(.constdata)
    pS                                       0x08004028   Data          48  asin.o(.constdata)
    qS                                       0x08004058   Data          32  asin.o(.constdata)
    .constdata                               0x08004078   Section      148  bigflt0.o(.constdata)
    tenpwrs_x                                0x08004078   Data          60  bigflt0.o(.constdata)
    tenpwrs_i                                0x080040b4   Data          64  bigflt0.o(.constdata)
    locale$$data                             0x0800412c   Section       28  lc_numeric_c.o(locale$$data)
    __lcnum_c_name                           0x08004130   Data           2  lc_numeric_c.o(locale$$data)
    __lcnum_c_start                          0x08004138   Data           0  lc_numeric_c.o(locale$$data)
    __lcnum_c_point                          0x08004144   Data           0  lc_numeric_c.o(locale$$data)
    __lcnum_c_thousands                      0x08004146   Data           0  lc_numeric_c.o(locale$$data)
    __lcnum_c_grouping                       0x08004147   Data           0  lc_numeric_c.o(locale$$data)
    __lcnum_c_end                            0x08004148   Data           0  lc_numeric_c.o(locale$$data)
    .data                                    0x20000000   Section       20  system_stm32f10x.o(.data)
    .data                                    0x20000014   Section       20  stm32f10x_rcc.o(.data)
    APBAHBPrescTable                         0x20000014   Data          16  stm32f10x_rcc.o(.data)
    ADCPrescTable                            0x20000024   Data           4  stm32f10x_rcc.o(.data)
    .data                                    0x20000028   Section       48  main.o(.data)
    .data                                    0x20000058   Section        4  delay.o(.data)
    fac_us                                   0x20000058   Data           1  delay.o(.data)
    fac_ms                                   0x2000005a   Data           2  delay.o(.data)
    .data                                    0x2000005c   Section      832  oled.o(.data)
    .bss                                     0x2000039c   Section       96  libspace.o(.bss)
    HEAP                                     0x20000400   Section      512  startup_stm32f10x_md.o(HEAP)
    Heap_Mem                                 0x20000400   Data         512  startup_stm32f10x_md.o(HEAP)
    STACK                                    0x20000600   Section     1024  startup_stm32f10x_md.o(STACK)
    Stack_Mem                                0x20000600   Data        1024  startup_stm32f10x_md.o(STACK)
    __initial_sp                             0x20000a00   Data           0  startup_stm32f10x_md.o(STACK)

    Global Symbols

    Symbol Name                              Value     Ov Type        Size  Object(Section)

    BuildAttributes$$THM_ISAv4$P$D$K$B$S$PE$A:L22UL41UL21$X:L11$S22US41US21$IEEE1$IW$USESV6$~STKCKD$USESV7$~SHL$OTIME$ROPI$IEEEX$EBA8$UX$STANDARDLIB$REQ8$PRES8$EABIv2 0x00000000   Number         0  anon$$obj.o ABSOLUTE
    __ARM_use_no_argv                        0x00000000   Number         0  main.o ABSOLUTE
    _printf_flags                            0x00000000   Number         0  printf_stubs.o ABSOLUTE
    _printf_return_value                     0x00000000   Number         0  printf_stubs.o ABSOLUTE
    _printf_sizespec                         0x00000000   Number         0  printf_stubs.o ABSOLUTE
    _printf_widthprec                        0x00000000   Number         0  printf_stubs.o ABSOLUTE
    __ARM_exceptions_init                     - Undefined Weak Reference
    __alloca_initialize                       - Undefined Weak Reference
    __arm_preinit_                            - Undefined Weak Reference
    __cpp_initialize__aeabi_                  - Undefined Weak Reference
    __cxa_finalize                            - Undefined Weak Reference
    __sigvec_lookup                           - Undefined Weak Reference
    _atexit_init                              - Undefined Weak Reference
    _call_atexit_fns                          - Undefined Weak Reference
    _clock_init                               - Undefined Weak Reference
    _fp_trap_init                             - Undefined Weak Reference
    _fp_trap_shutdown                         - Undefined Weak Reference
    _get_lc_collate                           - Undefined Weak Reference
    _get_lc_ctype                             - Undefined Weak Reference
    _get_lc_monetary                          - Undefined Weak Reference
    _get_lc_time                              - Undefined Weak Reference
    _getenv_init                              - Undefined Weak Reference
    _handle_redirection                       - Undefined Weak Reference
    _init_alloc                               - Undefined Weak Reference
    _init_user_alloc                          - Undefined Weak Reference
    _initio                                   - Undefined Weak Reference
    _printf_post_padding                      - Undefined Weak Reference
    _printf_pre_padding                       - Undefined Weak Reference
    _rand_init                                - Undefined Weak Reference
    _signal_finish                            - Undefined Weak Reference
    _signal_init                              - Undefined Weak Reference
    _terminate_alloc                          - Undefined Weak Reference
    _terminate_user_alloc                     - Undefined Weak Reference
    _terminateio                              - Undefined Weak Reference
    __Vectors_Size                           0x000000ec   Number         0  startup_stm32f10x_md.o ABSOLUTE
    __Vectors                                0x08000000   Data           4  startup_stm32f10x_md.o(RESET)
    __Vectors_End                            0x080000ec   Data           0  startup_stm32f10x_md.o(RESET)
    __main                                   0x080000ed   Thumb Code     8  __main.o(!!!main)
    __scatterload                            0x080000f5   Thumb Code     0  __scatter.o(!!!scatter)
    __scatterload_rt2                        0x080000f5   Thumb Code    44  __scatter.o(!!!scatter)
    __scatterload_rt2_thumb_only             0x080000f5   Thumb Code     0  __scatter.o(!!!scatter)
    __scatterload_null                       0x08000103   Thumb Code     0  __scatter.o(!!!scatter)
    __decompress                             0x08000129   Thumb Code    90  __dczerorl2.o(!!dczerorl2)
    __decompress1                            0x08000129   Thumb Code     0  __dczerorl2.o(!!dczerorl2)
    __scatterload_zeroinit                   0x08000185   Thumb Code    28  __scatter_zi.o(!!handler_zi)
    _printf_f                                0x080001a1   Thumb Code     0  _printf_f.o(.ARM.Collect$$_printf_percent$$00000003)
    _printf_percent                          0x080001a1   Thumb Code     0  _printf_percent.o(.ARM.Collect$$_printf_percent$$00000000)
    _printf_percent_end                      0x080001a7   Thumb Code     0  _printf_percent_end.o(.ARM.Collect$$_printf_percent$$00000017)
    __rt_lib_init                            0x080001ab   Thumb Code     0  libinit.o(.ARM.Collect$$libinit$$00000000)
    __rt_lib_init_fp_1                       0x080001ad   Thumb Code     0  libinit2.o(.ARM.Collect$$libinit$$00000002)
    __rt_lib_init_heap_1                     0x080001ad   Thumb Code     0  libinit2.o(.ARM.Collect$$libinit$$0000000A)
    __rt_lib_init_lc_common                  0x080001ad   Thumb Code     0  libinit2.o(.ARM.Collect$$libinit$$0000000F)
    __rt_lib_init_preinit_1                  0x080001ad   Thumb Code     0  libinit2.o(.ARM.Collect$$libinit$$00000004)
    __rt_lib_init_rand_1                     0x080001ad   Thumb Code     0  libinit2.o(.ARM.Collect$$libinit$$0000000E)
    __rt_lib_init_user_alloc_1               0x080001ad   Thumb Code     0  libinit2.o(.ARM.Collect$$libinit$$0000000C)
    __rt_lib_init_lc_collate_1               0x080001b3   Thumb Code     0  libinit2.o(.ARM.Collect$$libinit$$00000011)
    __rt_lib_init_lc_ctype_1                 0x080001b3   Thumb Code     0  libinit2.o(.ARM.Collect$$libinit$$00000013)
    __rt_lib_init_lc_monetary_1              0x080001b3   Thumb Code     0  libinit2.o(.ARM.Collect$$libinit$$00000015)
    __rt_lib_init_lc_numeric_2               0x080001b3   Thumb Code     0  libinit2.o(.ARM.Collect$$libinit$$00000016)
    __rt_lib_init_alloca_1                   0x080001bd   Thumb Code     0  libinit2.o(.ARM.Collect$$libinit$$0000002E)
    __rt_lib_init_argv_1                     0x080001bd   Thumb Code     0  libinit2.o(.ARM.Collect$$libinit$$0000002C)
    __rt_lib_init_atexit_1                   0x080001bd   Thumb Code     0  libinit2.o(.ARM.Collect$$libinit$$0000001B)
    __rt_lib_init_clock_1                    0x080001bd   Thumb Code     0  libinit2.o(.ARM.Collect$$libinit$$00000021)
    __rt_lib_init_cpp_1                      0x080001bd   Thumb Code     0  libinit2.o(.ARM.Collect$$libinit$$00000032)
    __rt_lib_init_exceptions_1               0x080001bd   Thumb Code     0  libinit2.o(.ARM.Collect$$libinit$$00000030)
    __rt_lib_init_fp_trap_1                  0x080001bd   Thumb Code     0  libinit2.o(.ARM.Collect$$libinit$$0000001F)
    __rt_lib_init_getenv_1                   0x080001bd   Thumb Code     0  libinit2.o(.ARM.Collect$$libinit$$00000023)
    __rt_lib_init_lc_numeric_1               0x080001bd   Thumb Code     0  libinit2.o(.ARM.Collect$$libinit$$00000017)
    __rt_lib_init_lc_time_1                  0x080001bd   Thumb Code     0  libinit2.o(.ARM.Collect$$libinit$$00000019)
    __rt_lib_init_return                     0x080001bd   Thumb Code     0  libinit2.o(.ARM.Collect$$libinit$$00000033)
    __rt_lib_init_signal_1                   0x080001bd   Thumb Code     0  libinit2.o(.ARM.Collect$$libinit$$0000001D)
    __rt_lib_init_stdio_1                    0x080001bd   Thumb Code     0  libinit2.o(.ARM.Collect$$libinit$$00000025)
    __rt_lib_shutdown                        0x080001bf   Thumb Code     0  libshutdown.o(.ARM.Collect$$libshutdown$$00000000)
    __rt_lib_shutdown_cpp_1                  0x080001c1   Thumb Code     0  libshutdown2.o(.ARM.Collect$$libshutdown$$00000002)
    __rt_lib_shutdown_fp_trap_1              0x080001c1   Thumb Code     0  libshutdown2.o(.ARM.Collect$$libshutdown$$00000007)
    __rt_lib_shutdown_heap_1                 0x080001c1   Thumb Code     0  libshutdown2.o(.ARM.Collect$$libshutdown$$0000000F)
    __rt_lib_shutdown_return                 0x080001c1   Thumb Code     0  libshutdown2.o(.ARM.Collect$$libshutdown$$00000010)
    __rt_lib_shutdown_signal_1               0x080001c1   Thumb Code     0  libshutdown2.o(.ARM.Collect$$libshutdown$$0000000A)
    __rt_lib_shutdown_stdio_1                0x080001c1   Thumb Code     0  libshutdown2.o(.ARM.Collect$$libshutdown$$00000004)
    __rt_lib_shutdown_user_alloc_1           0x080001c1   Thumb Code     0  libshutdown2.o(.ARM.Collect$$libshutdown$$0000000C)
    __rt_entry                               0x080001c3   Thumb Code     0  __rtentry.o(.ARM.Collect$$rtentry$$00000000)
    __rt_entry_presh_1                       0x080001c3   Thumb Code     0  __rtentry2.o(.ARM.Collect$$rtentry$$00000002)
    __rt_entry_sh                            0x080001c3   Thumb Code     0  __rtentry4.o(.ARM.Collect$$rtentry$$00000004)
    __rt_entry_li                            0x080001c9   Thumb Code     0  __rtentry2.o(.ARM.Collect$$rtentry$$0000000A)
    __rt_entry_postsh_1                      0x080001c9   Thumb Code     0  __rtentry2.o(.ARM.Collect$$rtentry$$00000009)
    __rt_entry_main                          0x080001cd   Thumb Code     0  __rtentry2.o(.ARM.Collect$$rtentry$$0000000D)
    __rt_entry_postli_1                      0x080001cd   Thumb Code     0  __rtentry2.o(.ARM.Collect$$rtentry$$0000000C)
    __rt_exit                                0x080001d5   Thumb Code     0  rtexit.o(.ARM.Collect$$rtexit$$00000000)
    __rt_exit_ls                             0x080001d7   Thumb Code     0  rtexit2.o(.ARM.Collect$$rtexit$$00000003)
    __rt_exit_prels_1                        0x080001d7   Thumb Code     0  rtexit2.o(.ARM.Collect$$rtexit$$00000002)
    __rt_exit_exit                           0x080001db   Thumb Code     0  rtexit2.o(.ARM.Collect$$rtexit$$00000004)
    Reset_Handler                            0x080001e1   Thumb Code     8  startup_stm32f10x_md.o(.text)
    ADC1_2_IRQHandler                        0x080001fb   Thumb Code     0  startup_stm32f10x_md.o(.text)
    CAN1_RX1_IRQHandler                      0x080001fb   Thumb Code     0  startup_stm32f10x_md.o(.text)
    CAN1_SCE_IRQHandler                      0x080001fb   Thumb Code     0  startup_stm32f10x_md.o(.text)
    DMA1_Channel1_IRQHandler                 0x080001fb   Thumb Code     0  startup_stm32f10x_md.o(.text)
    DMA1_Channel2_IRQHandler                 0x080001fb   Thumb Code     0  startup_stm32f10x_md.o(.text)
    DMA1_Channel3_IRQHandler                 0x080001fb   Thumb Code     0  startup_stm32f10x_md.o(.text)
    DMA1_Channel4_IRQHandler                 0x080001fb   Thumb Code     0  startup_stm32f10x_md.o(.text)
    DMA1_Channel5_IRQHandler                 0x080001fb   Thumb Code     0  startup_stm32f10x_md.o(.text)
    DMA1_Channel6_IRQHandler                 0x080001fb   Thumb Code     0  startup_stm32f10x_md.o(.text)
    DMA1_Channel7_IRQHandler                 0x080001fb   Thumb Code     0  startup_stm32f10x_md.o(.text)
    EXTI0_IRQHandler                         0x080001fb   Thumb Code     0  startup_stm32f10x_md.o(.text)
    EXTI15_10_IRQHandler                     0x080001fb   Thumb Code     0  startup_stm32f10x_md.o(.text)
    EXTI1_IRQHandler                         0x080001fb   Thumb Code     0  startup_stm32f10x_md.o(.text)
    EXTI2_IRQHandler                         0x080001fb   Thumb Code     0  startup_stm32f10x_md.o(.text)
    EXTI3_IRQHandler                         0x080001fb   Thumb Code     0  startup_stm32f10x_md.o(.text)
    EXTI4_IRQHandler                         0x080001fb   Thumb Code     0  startup_stm32f10x_md.o(.text)
    EXTI9_5_IRQHandler                       0x080001fb   Thumb Code     0  startup_stm32f10x_md.o(.text)
    FLASH_IRQHandler                         0x080001fb   Thumb Code     0  startup_stm32f10x_md.o(.text)
    I2C1_ER_IRQHandler                       0x080001fb   Thumb Code     0  startup_stm32f10x_md.o(.text)
    I2C1_EV_IRQHandler                       0x080001fb   Thumb Code     0  startup_stm32f10x_md.o(.text)
    I2C2_ER_IRQHandler                       0x080001fb   Thumb Code     0  startup_stm32f10x_md.o(.text)
    I2C2_EV_IRQHandler                       0x080001fb   Thumb Code     0  startup_stm32f10x_md.o(.text)
    PVD_IRQHandler                           0x080001fb   Thumb Code     0  startup_stm32f10x_md.o(.text)
    RCC_IRQHandler                           0x080001fb   Thumb Code     0  startup_stm32f10x_md.o(.text)
    RTCAlarm_IRQHandler                      0x080001fb   Thumb Code     0  startup_stm32f10x_md.o(.text)
    RTC_IRQHandler                           0x080001fb   Thumb Code     0  startup_stm32f10x_md.o(.text)
    SPI1_IRQHandler                          0x080001fb   Thumb Code     0  startup_stm32f10x_md.o(.text)
    SPI2_IRQHandler                          0x080001fb   Thumb Code     0  startup_stm32f10x_md.o(.text)
    TAMPER_IRQHandler                        0x080001fb   Thumb Code     0  startup_stm32f10x_md.o(.text)
    TIM1_BRK_IRQHandler                      0x080001fb   Thumb Code     0  startup_stm32f10x_md.o(.text)
    TIM1_CC_IRQHandler                       0x080001fb   Thumb Code     0  startup_stm32f10x_md.o(.text)
    TIM1_TRG_COM_IRQHandler                  0x080001fb   Thumb Code     0  startup_stm32f10x_md.o(.text)
    TIM1_UP_IRQHandler                       0x080001fb   Thumb Code     0  startup_stm32f10x_md.o(.text)
    TIM2_IRQHandler                          0x080001fb   Thumb Code     0  startup_stm32f10x_md.o(.text)
    TIM3_IRQHandler                          0x080001fb   Thumb Code     0  startup_stm32f10x_md.o(.text)
    TIM4_IRQHandler                          0x080001fb   Thumb Code     0  startup_stm32f10x_md.o(.text)
    USART1_IRQHandler                        0x080001fb   Thumb Code     0  startup_stm32f10x_md.o(.text)
    USART2_IRQHandler                        0x080001fb   Thumb Code     0  startup_stm32f10x_md.o(.text)
    USART3_IRQHandler                        0x080001fb   Thumb Code     0  startup_stm32f10x_md.o(.text)
    USBWakeUp_IRQHandler                     0x080001fb   Thumb Code     0  startup_stm32f10x_md.o(.text)
    USB_HP_CAN1_TX_IRQHandler                0x080001fb   Thumb Code     0  startup_stm32f10x_md.o(.text)
    USB_LP_CAN1_RX0_IRQHandler               0x080001fb   Thumb Code     0  startup_stm32f10x_md.o(.text)
    WWDG_IRQHandler                          0x080001fb   Thumb Code     0  startup_stm32f10x_md.o(.text)
    __user_initial_stackheap                 0x080001fd   Thumb Code     0  startup_stm32f10x_md.o(.text)
    __2sprintf                               0x08000221   Thumb Code    34  noretval__2sprintf.o(.text)
    __printf                                 0x08000249   Thumb Code   270  __printf_wp.o(.text)
    strcat                                   0x08000357   Thumb Code    24  strcat.o(.text)
    __aeabi_memcpy4                          0x0800036f   Thumb Code     0  rt_memcpy_w.o(.text)
    __aeabi_memcpy8                          0x0800036f   Thumb Code     0  rt_memcpy_w.o(.text)
    __rt_memcpy_w                            0x0800036f   Thumb Code   100  rt_memcpy_w.o(.text)
    _memcpy_lastbytes_aligned                0x080003b7   Thumb Code     0  rt_memcpy_w.o(.text)
    __use_two_region_memory                  0x080003d3   Thumb Code     2  heapauxi.o(.text)
    __rt_heap_escrow$2region                 0x080003d5   Thumb Code     2  heapauxi.o(.text)
    __rt_heap_expand$2region                 0x080003d7   Thumb Code     2  heapauxi.o(.text)
    __read_errno                             0x080003d9   Thumb Code    10  _rserrno.o(.text)
    __set_errno                              0x080003e3   Thumb Code    12  _rserrno.o(.text)
    __lib_sel_fp_printf                      0x080003ef   Thumb Code     2  _printf_fp_dec.o(.text)
    _printf_fp_dec_real                      0x080005a1   Thumb Code   620  _printf_fp_dec.o(.text)
    _printf_char_common                      0x08000817   Thumb Code    32  _printf_char_common.o(.text)
    _sputc                                   0x0800083d   Thumb Code    10  _sputc.o(.text)
    __rt_locale                              0x08000849   Thumb Code     8  rt_locale_intlibspace.o(.text)
    __aeabi_errno_addr                       0x08000851   Thumb Code     8  rt_errno_addr_intlibspace.o(.text)
    __errno$intlibspace                      0x08000851   Thumb Code     0  rt_errno_addr_intlibspace.o(.text)
    __rt_errno_addr$intlibspace              0x08000851   Thumb Code     0  rt_errno_addr_intlibspace.o(.text)
    _ll_udiv10                               0x08000859   Thumb Code   138  lludiv10.o(.text)
    _printf_fp_infnan                        0x080008e5   Thumb Code   112  _printf_fp_infnan.o(.text)
    _btod_etento                             0x08000965   Thumb Code   224  bigflt0.o(.text)
    __user_libspace                          0x08000a49   Thumb Code     8  libspace.o(.text)
    __user_perproc_libspace                  0x08000a49   Thumb Code     0  libspace.o(.text)
    __user_perthread_libspace                0x08000a49   Thumb Code     0  libspace.o(.text)
    __user_setup_stackheap                   0x08000a51   Thumb Code    74  sys_stackheap_outer.o(.text)
    exit                                     0x08000a9b   Thumb Code    18  exit.o(.text)
    strcmp                                   0x08000aad   Thumb Code   128  strcmpv7m.o(.text)
    _sys_exit                                0x08000b2d   Thumb Code     8  sys_exit.o(.text)
    __I$use$semihosting                      0x08000b39   Thumb Code     0  use_no_semi.o(.text)
    __use_no_semihosting_swi                 0x08000b39   Thumb Code     2  use_no_semi.o(.text)
    __semihosting_library_function           0x08000b3b   Thumb Code     0  indicate_semi.o(.text)
    _btod_d2e                                0x08000b3b   Thumb Code    62  btod.o(CL$$btod_d2e)
    _d2e_denorm_low                          0x08000b79   Thumb Code    70  btod.o(CL$$btod_d2e_denorm_low)
    _d2e_norm_op1                            0x08000bbf   Thumb Code    96  btod.o(CL$$btod_d2e_norm_op1)
    __btod_div_common                        0x08000c1f   Thumb Code   696  btod.o(CL$$btod_div_common)
    _e2e                                     0x08000f57   Thumb Code   220  btod.o(CL$$btod_e2e)
    _btod_ediv                               0x08001033   Thumb Code    42  btod.o(CL$$btod_ediv)
    _btod_emul                               0x0800105d   Thumb Code    42  btod.o(CL$$btod_emul)
    __btod_mult_common                       0x08001087   Thumb Code   580  btod.o(CL$$btod_mult_common)
    BusFault_Handler                         0x080012cb   Thumb Code     4  stm32f10x_it.o(i.BusFault_Handler)
    DebugMon_Handler                         0x080012cf   Thumb Code     2  stm32f10x_it.o(i.DebugMon_Handler)
    Delay_init                               0x080012d1   Thumb Code    50  delay.o(i.Delay_init)
    Delay_ms                                 0x08001315   Thumb Code    72  delay.o(i.Delay_ms)
    Delay_us                                 0x08001361   Thumb Code    72  delay.o(i.Delay_us)
    GPIO_Config_Init                         0x080013ad   Thumb Code    54  bluetooth.o(i.GPIO_Config_Init)
    GPIO_Init                                0x080013e9   Thumb Code   278  stm32f10x_gpio.o(i.GPIO_Init)
    GPIO_PinRemapConfig                      0x08001501   Thumb Code   138  stm32f10x_gpio.o(i.GPIO_PinRemapConfig)
    GPIO_ReadInputDataBit                    0x08001591   Thumb Code    18  stm32f10x_gpio.o(i.GPIO_ReadInputDataBit)
    GPIO_ResetBits                           0x080015a3   Thumb Code     4  stm32f10x_gpio.o(i.GPIO_ResetBits)
    GPIO_SetBits                             0x080015a7   Thumb Code     4  stm32f10x_gpio.o(i.GPIO_SetBits)
    GPIO_WriteBit                            0x080015ab   Thumb Code    10  stm32f10x_gpio.o(i.GPIO_WriteBit)
    HardFault_Handler                        0x080015b5   Thumb Code     4  stm32f10x_it.o(i.HardFault_Handler)
    IMUupdate                                0x080015b9   Thumb Code  1080  main.o(i.IMUupdate)
    Key_GetNum                               0x08001a21   Thumb Code    34  key.o(i.Key_GetNum)
    Key_Init                                 0x08001a49   Thumb Code    36  key.o(i.Key_Init)
    MPU6050_GetData                          0x08001a71   Thumb Code   172  mpu6050.o(i.MPU6050_GetData)
    MPU6050_Init                             0x08001b1d   Thumb Code    56  mpu6050.o(i.MPU6050_Init)
    MPU6050_ReadReg                          0x08001b55   Thumb Code    62  mpu6050.o(i.MPU6050_ReadReg)
    MPU6050_WriteReg                         0x08001b93   Thumb Code    46  mpu6050.o(i.MPU6050_WriteReg)
    MemManage_Handler                        0x08001bc1   Thumb Code     4  stm32f10x_it.o(i.MemManage_Handler)
    MyI2C_Init                               0x08001bc5   Thumb Code    50  myi2c.o(i.MyI2C_Init)
    MyI2C_R_SDA                              0x08001bfd   Thumb Code    24  myi2c.o(i.MyI2C_R_SDA)
    MyI2C_ReceiveAck                         0x08001c19   Thumb Code    30  myi2c.o(i.MyI2C_ReceiveAck)
    MyI2C_ReceiveByte                        0x08001c37   Thumb Code    52  myi2c.o(i.MyI2C_ReceiveByte)
    MyI2C_SendAck                            0x08001c6b   Thumb Code    24  myi2c.o(i.MyI2C_SendAck)
    MyI2C_SendByte                           0x08001c83   Thumb Code    42  myi2c.o(i.MyI2C_SendByte)
    MyI2C_Start                              0x08001cad   Thumb Code    28  myi2c.o(i.MyI2C_Start)
    MyI2C_Stop                               0x08001cc9   Thumb Code    22  myi2c.o(i.MyI2C_Stop)
    MyI2C_W_SCL                              0x08001ce1   Thumb Code    24  myi2c.o(i.MyI2C_W_SCL)
    MyI2C_W_SDA                              0x08001cfd   Thumb Code    24  myi2c.o(i.MyI2C_W_SDA)
    NMI_Handler                              0x08001d19   Thumb Code     2  stm32f10x_it.o(i.NMI_Handler)
    NVIC_Configuration2                      0x08001d1b   Thumb Code    36  bluetooth.o(i.NVIC_Configuration2)
    NVIC_Init                                0x08001d41   Thumb Code   100  misc.o(i.NVIC_Init)
    NVIC_PriorityGroupConfig                 0x08001db1   Thumb Code    10  misc.o(i.NVIC_PriorityGroupConfig)
    OLED_Clear                               0x08001dc5   Thumb Code    64  oled.o(i.OLED_Clear)
    OLED_Init                                0x08001e05   Thumb Code   300  oled.o(i.OLED_Init)
    OLED_Set_Pos                             0x08001f35   Thumb Code    46  oled.o(i.OLED_Set_Pos)
    OLED_ShowCHinese                         0x08001f65   Thumb Code    98  oled.o(i.OLED_ShowCHinese)
    OLED_WR_Byte                             0x08001fcd   Thumb Code   126  oled.o(i.OLED_WR_Byte)
    PWM_Init                                 0x08002051   Thumb Code   146  pwm.o(i.PWM_Init)
    PWM_SetCompare2                          0x080020e9   Thumb Code    16  pwm.o(i.PWM_SetCompare2)
    PendSV_Handler                           0x080020f9   Thumb Code     2  stm32f10x_it.o(i.PendSV_Handler)
    RCC_APB1PeriphClockCmd                   0x080020fd   Thumb Code    26  stm32f10x_rcc.o(i.RCC_APB1PeriphClockCmd)
    RCC_APB2PeriphClockCmd                   0x0800211d   Thumb Code    26  stm32f10x_rcc.o(i.RCC_APB2PeriphClockCmd)
    RCC_Configuration                        0x0800213d   Thumb Code    20  bluetooth.o(i.RCC_Configuration)
    RCC_GetClocksFreq                        0x08002151   Thumb Code   192  stm32f10x_rcc.o(i.RCC_GetClocksFreq)
    SVC_Handler                              0x08002225   Thumb Code     2  stm32f10x_it.o(i.SVC_Handler)
    Servo_Init                               0x08002227   Thumb Code     8  servo.o(i.Servo_Init)
    Servo_SetAngle                           0x08002231   Thumb Code    48  servo.o(i.Servo_SetAngle)
    Swich_Init                               0x08002355   Thumb Code    60  swich.o(i.Swich_Init)
    SysTick_CLKSourceConfig                  0x08002399   Thumb Code    40  misc.o(i.SysTick_CLKSourceConfig)
    SysTick_Handler                          0x080023c1   Thumb Code     2  stm32f10x_it.o(i.SysTick_Handler)
    SystemInit                               0x080023c5   Thumb Code    78  system_stm32f10x.o(i.SystemInit)
    TIM_Cmd                                  0x08002425   Thumb Code    24  stm32f10x_tim.o(i.TIM_Cmd)
    TIM_InternalClockConfig                  0x0800243d   Thumb Code    12  stm32f10x_tim.o(i.TIM_InternalClockConfig)
    TIM_OC2Init                              0x08002449   Thumb Code   154  stm32f10x_tim.o(i.TIM_OC2Init)
    TIM_OCStructInit                         0x080024ed   Thumb Code    20  stm32f10x_tim.o(i.TIM_OCStructInit)
    TIM_SetCompare2                          0x08002501   Thumb Code     4  stm32f10x_tim.o(i.TIM_SetCompare2)
    TIM_TimeBaseInit                         0x08002505   Thumb Code   122  stm32f10x_tim.o(i.TIM_TimeBaseInit)
    USART_Cmd                                0x080025a9   Thumb Code    24  stm32f10x_usart.o(i.USART_Cmd)
    USART_Config_Init                        0x080025c1   Thumb Code    62  bluetooth.o(i.USART_Config_Init)
    USART_GetFlagStatus                      0x08002605   Thumb Code    26  stm32f10x_usart.o(i.USART_GetFlagStatus)
    USART_ITConfig                           0x0800261f   Thumb Code    74  stm32f10x_usart.o(i.USART_ITConfig)
    USART_Init                               0x08002669   Thumb Code   210  stm32f10x_usart.o(i.USART_Init)
    USART_SendData                           0x08002741   Thumb Code     8  stm32f10x_usart.o(i.USART_SendData)
    UsageFault_Handler                       0x08002749   Thumb Code     4  stm32f10x_it.o(i.UsageFault_Handler)
    __ARM_fpclassify                         0x0800274d   Thumb Code    40  fpclassify.o(i.__ARM_fpclassify)
    __kernel_poly                            0x08002775   Thumb Code   170  poly.o(i.__kernel_poly)
    __mathlib_dbl_infnan                     0x0800281f   Thumb Code     6  dunder.o(i.__mathlib_dbl_infnan)
    __mathlib_dbl_invalid                    0x08002825   Thumb Code    12  dunder.o(i.__mathlib_dbl_invalid)
    __mathlib_dbl_underflow                  0x08002831   Thumb Code    10  dunder.o(i.__mathlib_dbl_underflow)
    _is_digit                                0x08002841   Thumb Code    14  __printf_wp.o(i._is_digit)
    asin                                     0x08002851   Thumb Code   572  asin.o(i.asin)
    changeA                                  0x08002ac1   Thumb Code    46  main.o(i.changeA)
    changeG                                  0x08002afd   Thumb Code    28  main.o(i.changeG)
    main                                     0x08002b19   Thumb Code   618  main.o(i.main)
    sqrt                                     0x08002dd1   Thumb Code    76  sqrt.o(i.sqrt)
    _get_lc_numeric                          0x08002e1d   Thumb Code    44  lc_numeric_c.o(locale$$code)
    __aeabi_d2f                              0x08002e49   Thumb Code     0  d2f.o(x$fpl$d2f)
    _d2f                                     0x08002e49   Thumb Code    98  d2f.o(x$fpl$d2f)
    __aeabi_dadd                             0x08002ead   Thumb Code     0  daddsub_clz.o(x$fpl$dadd)
    _dadd                                    0x08002ead   Thumb Code   332  daddsub_clz.o(x$fpl$dadd)
    __fpl_dcheck_NaN1                        0x08002ffd   Thumb Code    10  dcheck1.o(x$fpl$dcheck1)
    __aeabi_ddiv                             0x0800300d   Thumb Code     0  ddiv.o(x$fpl$ddiv)
    _ddiv                                    0x0800300d   Thumb Code   552  ddiv.o(x$fpl$ddiv)
    __aeabi_i2d                              0x080032bd   Thumb Code     0  dflt_clz.o(x$fpl$dflt)
    _dflt                                    0x080032bd   Thumb Code    46  dflt_clz.o(x$fpl$dflt)
    __aeabi_dmul                             0x080032ed   Thumb Code     0  dmul.o(x$fpl$dmul)
    _dmul                                    0x080032ed   Thumb Code   332  dmul.o(x$fpl$dmul)
    __fpl_dnaninf                            0x08003441   Thumb Code   156  dnaninf.o(x$fpl$dnaninf)
    __fpl_dretinf                            0x080034dd   Thumb Code    12  dretinf.o(x$fpl$dretinf)
    __aeabi_drsub                            0x080034e9   Thumb Code     0  daddsub_clz.o(x$fpl$drsb)
    _drsb                                    0x080034e9   Thumb Code    22  daddsub_clz.o(x$fpl$drsb)
    _dsqrt                                   0x08003501   Thumb Code   456  dsqrt_noumaal.o(x$fpl$dsqrt)
    __aeabi_dsub                             0x080036cd   Thumb Code     0  daddsub_clz.o(x$fpl$dsub)
    _dsub                                    0x080036cd   Thumb Code   464  daddsub_clz.o(x$fpl$dsub)
    __aeabi_f2d                              0x080038a1   Thumb Code     0  f2d.o(x$fpl$f2d)
    _f2d                                     0x080038a1   Thumb Code    86  f2d.o(x$fpl$f2d)
    __aeabi_fadd                             0x080038f9   Thumb Code     0  faddsub_clz.o(x$fpl$fadd)
    _fadd                                    0x080038f9   Thumb Code   196  faddsub_clz.o(x$fpl$fadd)
    __fpl_fcmp_Inf                           0x080039bd   Thumb Code    24  fcmpi.o(x$fpl$fcmpinf)
    __aeabi_fdiv                             0x080039d5   Thumb Code     0  fdiv.o(x$fpl$fdiv)
    _fdiv                                    0x080039d5   Thumb Code   384  fdiv.o(x$fpl$fdiv)
    __aeabi_f2uiz                            0x08003b59   Thumb Code     0  ffixu.o(x$fpl$ffixu)
    _ffixu                                   0x08003b59   Thumb Code    62  ffixu.o(x$fpl$ffixu)
    __aeabi_i2f                              0x08003b99   Thumb Code     0  fflt_clz.o(x$fpl$fflt)
    _fflt                                    0x08003b99   Thumb Code    48  fflt_clz.o(x$fpl$fflt)
    __aeabi_cfcmple                          0x08003bc9   Thumb Code     0  fleqf.o(x$fpl$fleqf)
    _fcmple                                  0x08003bc9   Thumb Code   104  fleqf.o(x$fpl$fleqf)
    __fpl_fcmple_InfNaN                      0x08003c1b   Thumb Code     0  fleqf.o(x$fpl$fleqf)
    __aeabi_fmul                             0x08003c31   Thumb Code     0  fmul.o(x$fpl$fmul)
    _fmul                                    0x08003c31   Thumb Code   258  fmul.o(x$fpl$fmul)
    __fpl_fnaninf                            0x08003d33   Thumb Code   140  fnaninf.o(x$fpl$fnaninf)
    __fpl_fretinf                            0x08003dbf   Thumb Code    10  fretinf.o(x$fpl$fretinf)
    __aeabi_cfrcmple                         0x08003dc9   Thumb Code     0  frleqf.o(x$fpl$frleqf)
    _frcmple                                 0x08003dc9   Thumb Code    98  frleqf.o(x$fpl$frleqf)
    __aeabi_fsub                             0x08003e2d   Thumb Code     0  faddsub_clz.o(x$fpl$fsub)
    _fsub                                    0x08003e2d   Thumb Code   234  faddsub_clz.o(x$fpl$fsub)
    _printf_fp_dec                           0x08003f17   Thumb Code     4  printf1.o(x$fpl$printf1)
    __fpl_return_NaN                         0x08003f1b   Thumb Code   100  retnan.o(x$fpl$retnan)
    __ARM_scalbn                             0x08003f7f   Thumb Code    92  scalbn.o(x$fpl$scalbn)
    __fpl_cmpreturn                          0x08003fdb   Thumb Code    48  trapv.o(x$fpl$trapveneer)
    __I$use$fp                               0x0800400a   Number         0  usenofp.o(x$fpl$usenofp)
    Region$$Table$$Base                      0x0800410c   Number         0  anon$$obj.o(Region$$Table)
    Region$$Table$$Limit                     0x0800412c   Number         0  anon$$obj.o(Region$$Table)
    SystemCoreClock                          0x20000000   Data           4  system_stm32f10x.o(.data)
    AHBPrescTable                            0x20000004   Data          16  system_stm32f10x.o(.data)
    q0                                       0x20000028   Data           4  main.o(.data)
    q1                                       0x2000002c   Data           4  main.o(.data)
    q2                                       0x20000030   Data           4  main.o(.data)
    q3                                       0x20000034   Data           4  main.o(.data)
    exInt                                    0x20000038   Data           4  main.o(.data)
    eyInt                                    0x2000003c   Data           4  main.o(.data)
    ezInt                                    0x20000040   Data           4  main.o(.data)
    Yaw                                      0x20000044   Data           4  main.o(.data)
    Pitch                                    0x20000048   Data           4  main.o(.data)
    Roll                                     0x2000004c   Data           4  main.o(.data)
    KeyNum                                   0x20000050   Data           1  main.o(.data)
    Angle                                    0x20000054   Data           4  main.o(.data)
    Hzk                                      0x2000005c   Data         832  oled.o(.data)
    __libspace_start                         0x2000039c   Data          96  libspace.o(.bss)
    __temporary_stack_top$libspace           0x200003fc   Data           0  libspace.o(.bss)



==============================================================================

Memory Map of the image

  Image Entry point : 0x080000ed

  Load Region LR_IROM1 (Base: 0x08000000, Size: 0x000044e4, Max: 0x00010000, ABSOLUTE, COMPRESSED[0x000042dc])

    Execution Region ER_IROM1 (Exec base: 0x08000000, Load base: 0x08000000, Size: 0x00004148, Max: 0x00010000, ABSOLUTE)

    Exec Addr    Load Addr    Size         Type   Attr      Idx    E Section Name        Object

    0x08000000   0x08000000   0x000000ec   Data   RO            3    RESET               startup_stm32f10x_md.o
    0x080000ec   0x080000ec   0x00000008   Code   RO         3745  * !!!main             c_w.l(__main.o)
    0x080000f4   0x080000f4   0x00000034   Code   RO         4072    !!!scatter          c_w.l(__scatter.o)
    0x08000128   0x08000128   0x0000005a   Code   RO         4070    !!dczerorl2         c_w.l(__dczerorl2.o)
    0x08000182   0x08000182   0x00000002   PAD
    0x08000184   0x08000184   0x0000001c   Code   RO         4074    !!handler_zi        c_w.l(__scatter_zi.o)
    0x080001a0   0x080001a0   0x00000000   Code   RO         3736    .ARM.Collect$$_printf_percent$$00000000  c_w.l(_printf_percent.o)
    0x080001a0   0x080001a0   0x00000006   Code   RO         3735    .ARM.Collect$$_printf_percent$$00000003  c_w.l(_printf_f.o)
    0x080001a6   0x080001a6   0x00000004   Code   RO         3824    .ARM.Collect$$_printf_percent$$00000017  c_w.l(_printf_percent_end.o)
    0x080001aa   0x080001aa   0x00000002   Code   RO         3939    .ARM.Collect$$libinit$$00000000  c_w.l(libinit.o)
    0x080001ac   0x080001ac   0x00000000   Code   RO         3941    .ARM.Collect$$libinit$$00000002  c_w.l(libinit2.o)
    0x080001ac   0x080001ac   0x00000000   Code   RO         3943    .ARM.Collect$$libinit$$00000004  c_w.l(libinit2.o)
    0x080001ac   0x080001ac   0x00000000   Code   RO         3946    .ARM.Collect$$libinit$$0000000A  c_w.l(libinit2.o)
    0x080001ac   0x080001ac   0x00000000   Code   RO         3948    .ARM.Collect$$libinit$$0000000C  c_w.l(libinit2.o)
    0x080001ac   0x080001ac   0x00000000   Code   RO         3950    .ARM.Collect$$libinit$$0000000E  c_w.l(libinit2.o)
    0x080001ac   0x080001ac   0x00000006   Code   RO         3951    .ARM.Collect$$libinit$$0000000F  c_w.l(libinit2.o)
    0x080001b2   0x080001b2   0x00000000   Code   RO         3953    .ARM.Collect$$libinit$$00000011  c_w.l(libinit2.o)
    0x080001b2   0x080001b2   0x00000000   Code   RO         3955    .ARM.Collect$$libinit$$00000013  c_w.l(libinit2.o)
    0x080001b2   0x080001b2   0x00000000   Code   RO         3957    .ARM.Collect$$libinit$$00000015  c_w.l(libinit2.o)
    0x080001b2   0x080001b2   0x0000000a   Code   RO         3958    .ARM.Collect$$libinit$$00000016  c_w.l(libinit2.o)
    0x080001bc   0x080001bc   0x00000000   Code   RO         3959    .ARM.Collect$$libinit$$00000017  c_w.l(libinit2.o)
    0x080001bc   0x080001bc   0x00000000   Code   RO         3961    .ARM.Collect$$libinit$$00000019  c_w.l(libinit2.o)
    0x080001bc   0x080001bc   0x00000000   Code   RO         3963    .ARM.Collect$$libinit$$0000001B  c_w.l(libinit2.o)
    0x080001bc   0x080001bc   0x00000000   Code   RO         3965    .ARM.Collect$$libinit$$0000001D  c_w.l(libinit2.o)
    0x080001bc   0x080001bc   0x00000000   Code   RO         3967    .ARM.Collect$$libinit$$0000001F  c_w.l(libinit2.o)
    0x080001bc   0x080001bc   0x00000000   Code   RO         3969    .ARM.Collect$$libinit$$00000021  c_w.l(libinit2.o)
    0x080001bc   0x080001bc   0x00000000   Code   RO         3971    .ARM.Collect$$libinit$$00000023  c_w.l(libinit2.o)
    0x080001bc   0x080001bc   0x00000000   Code   RO         3973    .ARM.Collect$$libinit$$00000025  c_w.l(libinit2.o)
    0x080001bc   0x080001bc   0x00000000   Code   RO         3977    .ARM.Collect$$libinit$$0000002C  c_w.l(libinit2.o)
    0x080001bc   0x080001bc   0x00000000   Code   RO         3979    .ARM.Collect$$libinit$$0000002E  c_w.l(libinit2.o)
    0x080001bc   0x080001bc   0x00000000   Code   RO         3981    .ARM.Collect$$libinit$$00000030  c_w.l(libinit2.o)
    0x080001bc   0x080001bc   0x00000000   Code   RO         3983    .ARM.Collect$$libinit$$00000032  c_w.l(libinit2.o)
    0x080001bc   0x080001bc   0x00000002   Code   RO         3984    .ARM.Collect$$libinit$$00000033  c_w.l(libinit2.o)
    0x080001be   0x080001be   0x00000002   Code   RO         4018    .ARM.Collect$$libshutdown$$00000000  c_w.l(libshutdown.o)
    0x080001c0   0x080001c0   0x00000000   Code   RO         4029    .ARM.Collect$$libshutdown$$00000002  c_w.l(libshutdown2.o)
    0x080001c0   0x080001c0   0x00000000   Code   RO         4031    .ARM.Collect$$libshutdown$$00000004  c_w.l(libshutdown2.o)
    0x080001c0   0x080001c0   0x00000000   Code   RO         4034    .ARM.Collect$$libshutdown$$00000007  c_w.l(libshutdown2.o)
    0x080001c0   0x080001c0   0x00000000   Code   RO         4037    .ARM.Collect$$libshutdown$$0000000A  c_w.l(libshutdown2.o)
    0x080001c0   0x080001c0   0x00000000   Code   RO         4039    .ARM.Collect$$libshutdown$$0000000C  c_w.l(libshutdown2.o)
    0x080001c0   0x080001c0   0x00000000   Code   RO         4042    .ARM.Collect$$libshutdown$$0000000F  c_w.l(libshutdown2.o)
    0x080001c0   0x080001c0   0x00000002   Code   RO         4043    .ARM.Collect$$libshutdown$$00000010  c_w.l(libshutdown2.o)
    0x080001c2   0x080001c2   0x00000000   Code   RO         3815    .ARM.Collect$$rtentry$$00000000  c_w.l(__rtentry.o)
    0x080001c2   0x080001c2   0x00000000   Code   RO         3861    .ARM.Collect$$rtentry$$00000002  c_w.l(__rtentry2.o)
    0x080001c2   0x080001c2   0x00000006   Code   RO         3873    .ARM.Collect$$rtentry$$00000004  c_w.l(__rtentry4.o)
    0x080001c8   0x080001c8   0x00000000   Code   RO         3863    .ARM.Collect$$rtentry$$00000009  c_w.l(__rtentry2.o)
    0x080001c8   0x080001c8   0x00000004   Code   RO         3864    .ARM.Collect$$rtentry$$0000000A  c_w.l(__rtentry2.o)
    0x080001cc   0x080001cc   0x00000000   Code   RO         3866    .ARM.Collect$$rtentry$$0000000C  c_w.l(__rtentry2.o)
    0x080001cc   0x080001cc   0x00000008   Code   RO         3867    .ARM.Collect$$rtentry$$0000000D  c_w.l(__rtentry2.o)
    0x080001d4   0x080001d4   0x00000002   Code   RO         3987    .ARM.Collect$$rtexit$$00000000  c_w.l(rtexit.o)
    0x080001d6   0x080001d6   0x00000000   Code   RO         3996    .ARM.Collect$$rtexit$$00000002  c_w.l(rtexit2.o)
    0x080001d6   0x080001d6   0x00000004   Code   RO         3997    .ARM.Collect$$rtexit$$00000003  c_w.l(rtexit2.o)
    0x080001da   0x080001da   0x00000006   Code   RO         3998    .ARM.Collect$$rtexit$$00000004  c_w.l(rtexit2.o)
    0x080001e0   0x080001e0   0x00000040   Code   RO            4    .text               startup_stm32f10x_md.o
    0x08000220   0x08000220   0x00000028   Code   RO         3711    .text               c_w.l(noretval__2sprintf.o)
    0x08000248   0x08000248   0x0000010e   Code   RO         3723    .text               c_w.l(__printf_wp.o)
    0x08000356   0x08000356   0x00000018   Code   RO         3737    .text               c_w.l(strcat.o)
    0x0800036e   0x0800036e   0x00000064   Code   RO         3741    .text               c_w.l(rt_memcpy_w.o)
    0x080003d2   0x080003d2   0x00000006   Code   RO         3743    .text               c_w.l(heapauxi.o)
    0x080003d8   0x080003d8   0x00000016   Code   RO         3816    .text               c_w.l(_rserrno.o)
    0x080003ee   0x080003ee   0x0000041e   Code   RO         3818    .text               c_w.l(_printf_fp_dec.o)
    0x0800080c   0x0800080c   0x00000030   Code   RO         3820    .text               c_w.l(_printf_char_common.o)
    0x0800083c   0x0800083c   0x0000000a   Code   RO         3822    .text               c_w.l(_sputc.o)
    0x08000846   0x08000846   0x00000002   PAD
    0x08000848   0x08000848   0x00000008   Code   RO         3878    .text               c_w.l(rt_locale_intlibspace.o)
    0x08000850   0x08000850   0x00000008   Code   RO         3883    .text               c_w.l(rt_errno_addr_intlibspace.o)
    0x08000858   0x08000858   0x0000008a   Code   RO         3885    .text               c_w.l(lludiv10.o)
    0x080008e2   0x080008e2   0x00000002   PAD
    0x080008e4   0x080008e4   0x00000080   Code   RO         3887    .text               c_w.l(_printf_fp_infnan.o)
    0x08000964   0x08000964   0x000000e4   Code   RO         3891    .text               c_w.l(bigflt0.o)
    0x08000a48   0x08000a48   0x00000008   Code   RO         3925    .text               c_w.l(libspace.o)
    0x08000a50   0x08000a50   0x0000004a   Code   RO         3928    .text               c_w.l(sys_stackheap_outer.o)
    0x08000a9a   0x08000a9a   0x00000012   Code   RO         3930    .text               c_w.l(exit.o)
    0x08000aac   0x08000aac   0x00000080   Code   RO         3932    .text               c_w.l(strcmpv7m.o)
    0x08000b2c   0x08000b2c   0x0000000c   Code   RO         4008    .text               c_w.l(sys_exit.o)
    0x08000b38   0x08000b38   0x00000002   Code   RO         4019    .text               c_w.l(use_no_semi.o)
    0x08000b3a   0x08000b3a   0x00000000   Code   RO         4021    .text               c_w.l(indicate_semi.o)
    0x08000b3a   0x08000b3a   0x0000003e   Code   RO         3894    CL$$btod_d2e        c_w.l(btod.o)
    0x08000b78   0x08000b78   0x00000046   Code   RO         3896    CL$$btod_d2e_denorm_low  c_w.l(btod.o)
    0x08000bbe   0x08000bbe   0x00000060   Code   RO         3895    CL$$btod_d2e_norm_op1  c_w.l(btod.o)
    0x08000c1e   0x08000c1e   0x00000338   Code   RO         3904    CL$$btod_div_common  c_w.l(btod.o)
    0x08000f56   0x08000f56   0x000000dc   Code   RO         3901    CL$$btod_e2e        c_w.l(btod.o)
    0x08001032   0x08001032   0x0000002a   Code   RO         3898    CL$$btod_ediv       c_w.l(btod.o)
    0x0800105c   0x0800105c   0x0000002a   Code   RO         3897    CL$$btod_emul       c_w.l(btod.o)
    0x08001086   0x08001086   0x00000244   Code   RO         3903    CL$$btod_mult_common  c_w.l(btod.o)
    0x080012ca   0x080012ca   0x00000004   Code   RO         3268    i.BusFault_Handler  stm32f10x_it.o
    0x080012ce   0x080012ce   0x00000002   Code   RO         3269    i.DebugMon_Handler  stm32f10x_it.o
    0x080012d0   0x080012d0   0x00000044   Code   RO         3346    i.Delay_init        delay.o
    0x08001314   0x08001314   0x0000004c   Code   RO         3347    i.Delay_ms          delay.o
    0x08001360   0x08001360   0x0000004c   Code   RO         3348    i.Delay_us          delay.o
    0x080013ac   0x080013ac   0x0000003c   Code   RO         3646    i.GPIO_Config_Init  bluetooth.o
    0x080013e8   0x080013e8   0x00000116   Code   RO         1347    i.GPIO_Init         stm32f10x_gpio.o
    0x080014fe   0x080014fe   0x00000002   PAD
    0x08001500   0x08001500   0x00000090   Code   RO         1349    i.GPIO_PinRemapConfig  stm32f10x_gpio.o
    0x08001590   0x08001590   0x00000012   Code   RO         1351    i.GPIO_ReadInputDataBit  stm32f10x_gpio.o
    0x080015a2   0x080015a2   0x00000004   Code   RO         1354    i.GPIO_ResetBits    stm32f10x_gpio.o
    0x080015a6   0x080015a6   0x00000004   Code   RO         1355    i.GPIO_SetBits      stm32f10x_gpio.o
    0x080015aa   0x080015aa   0x0000000a   Code   RO         1358    i.GPIO_WriteBit     stm32f10x_gpio.o
    0x080015b4   0x080015b4   0x00000004   Code   RO         3270    i.HardFault_Handler  stm32f10x_it.o
    0x080015b8   0x080015b8   0x00000468   Code   RO         3196    i.IMUupdate         main.o
    0x08001a20   0x08001a20   0x00000028   Code   RO         3502    i.Key_GetNum        key.o
    0x08001a48   0x08001a48   0x00000028   Code   RO         3503    i.Key_Init          key.o
    0x08001a70   0x08001a70   0x000000ac   Code   RO         3520    i.MPU6050_GetData   mpu6050.o
    0x08001b1c   0x08001b1c   0x00000038   Code   RO         3522    i.MPU6050_Init      mpu6050.o
    0x08001b54   0x08001b54   0x0000003e   Code   RO         3523    i.MPU6050_ReadReg   mpu6050.o
    0x08001b92   0x08001b92   0x0000002e   Code   RO         3524    i.MPU6050_WriteReg  mpu6050.o
    0x08001bc0   0x08001bc0   0x00000004   Code   RO         3271    i.MemManage_Handler  stm32f10x_it.o
    0x08001bc4   0x08001bc4   0x00000038   Code   RO         3562    i.MyI2C_Init        myi2c.o
    0x08001bfc   0x08001bfc   0x0000001c   Code   RO         3563    i.MyI2C_R_SDA       myi2c.o
    0x08001c18   0x08001c18   0x0000001e   Code   RO         3564    i.MyI2C_ReceiveAck  myi2c.o
    0x08001c36   0x08001c36   0x00000034   Code   RO         3565    i.MyI2C_ReceiveByte  myi2c.o
    0x08001c6a   0x08001c6a   0x00000018   Code   RO         3566    i.MyI2C_SendAck     myi2c.o
    0x08001c82   0x08001c82   0x0000002a   Code   RO         3567    i.MyI2C_SendByte    myi2c.o
    0x08001cac   0x08001cac   0x0000001c   Code   RO         3568    i.MyI2C_Start       myi2c.o
    0x08001cc8   0x08001cc8   0x00000016   Code   RO         3569    i.MyI2C_Stop        myi2c.o
    0x08001cde   0x08001cde   0x00000002   PAD
    0x08001ce0   0x08001ce0   0x0000001c   Code   RO         3570    i.MyI2C_W_SCL       myi2c.o
    0x08001cfc   0x08001cfc   0x0000001c   Code   RO         3571    i.MyI2C_W_SDA       myi2c.o
    0x08001d18   0x08001d18   0x00000002   Code   RO         3272    i.NMI_Handler       stm32f10x_it.o
    0x08001d1a   0x08001d1a   0x00000024   Code   RO         3648    i.NVIC_Configuration2  bluetooth.o
    0x08001d3e   0x08001d3e   0x00000002   PAD
    0x08001d40   0x08001d40   0x00000070   Code   RO          137    i.NVIC_Init         misc.o
    0x08001db0   0x08001db0   0x00000014   Code   RO          138    i.NVIC_PriorityGroupConfig  misc.o
    0x08001dc4   0x08001dc4   0x00000040   Code   RO         3375    i.OLED_Clear        oled.o
    0x08001e04   0x08001e04   0x00000130   Code   RO         3379    i.OLED_Init         oled.o
    0x08001f34   0x08001f34   0x0000002e   Code   RO         3380    i.OLED_Set_Pos      oled.o
    0x08001f62   0x08001f62   0x00000002   PAD
    0x08001f64   0x08001f64   0x00000068   Code   RO         3381    i.OLED_ShowCHinese  oled.o
    0x08001fcc   0x08001fcc   0x00000084   Code   RO         3385    i.OLED_WR_Byte      oled.o
    0x08002050   0x08002050   0x00000098   Code   RO         3463    i.PWM_Init          pwm.o
    0x080020e8   0x080020e8   0x00000010   Code   RO         3464    i.PWM_SetCompare2   pwm.o
    0x080020f8   0x080020f8   0x00000002   Code   RO         3273    i.PendSV_Handler    stm32f10x_it.o
    0x080020fa   0x080020fa   0x00000002   PAD
    0x080020fc   0x080020fc   0x00000020   Code   RO         1775    i.RCC_APB1PeriphClockCmd  stm32f10x_rcc.o
    0x0800211c   0x0800211c   0x00000020   Code   RO         1777    i.RCC_APB2PeriphClockCmd  stm32f10x_rcc.o
    0x0800213c   0x0800213c   0x00000014   Code   RO         3649    i.RCC_Configuration  bluetooth.o
    0x08002150   0x08002150   0x000000d4   Code   RO         1785    i.RCC_GetClocksFreq  stm32f10x_rcc.o
    0x08002224   0x08002224   0x00000002   Code   RO         3274    i.SVC_Handler       stm32f10x_it.o
    0x08002226   0x08002226   0x00000008   Code   RO         3481    i.Servo_Init        servo.o
    0x0800222e   0x0800222e   0x00000002   PAD
    0x08002230   0x08002230   0x0000003c   Code   RO         3482    i.Servo_SetAngle    servo.o
    0x0800226c   0x0800226c   0x00000008   Code   RO           24    i.SetSysClock       system_stm32f10x.o
    0x08002274   0x08002274   0x000000e0   Code   RO           25    i.SetSysClockTo72   system_stm32f10x.o
    0x08002354   0x08002354   0x00000044   Code   RO         3631    i.Swich_Init        swich.o
    0x08002398   0x08002398   0x00000028   Code   RO          141    i.SysTick_CLKSourceConfig  misc.o
    0x080023c0   0x080023c0   0x00000002   Code   RO         3275    i.SysTick_Handler   stm32f10x_it.o
    0x080023c2   0x080023c2   0x00000002   PAD
    0x080023c4   0x080023c4   0x00000060   Code   RO           27    i.SystemInit        system_stm32f10x.o
    0x08002424   0x08002424   0x00000018   Code   RO         2421    i.TIM_Cmd           stm32f10x_tim.o
    0x0800243c   0x0800243c   0x0000000c   Code   RO         2448    i.TIM_InternalClockConfig  stm32f10x_tim.o
    0x08002448   0x08002448   0x000000a4   Code   RO         2455    i.TIM_OC2Init       stm32f10x_tim.o
    0x080024ec   0x080024ec   0x00000014   Code   RO         2468    i.TIM_OCStructInit  stm32f10x_tim.o
    0x08002500   0x08002500   0x00000004   Code   RO         2483    i.TIM_SetCompare2   stm32f10x_tim.o
    0x08002504   0x08002504   0x000000a4   Code   RO         2492    i.TIM_TimeBaseInit  stm32f10x_tim.o
    0x080025a8   0x080025a8   0x00000018   Code   RO         2960    i.USART_Cmd         stm32f10x_usart.o
    0x080025c0   0x080025c0   0x00000044   Code   RO         3651    i.USART_Config_Init  bluetooth.o
    0x08002604   0x08002604   0x0000001a   Code   RO         2963    i.USART_GetFlagStatus  stm32f10x_usart.o
    0x0800261e   0x0800261e   0x0000004a   Code   RO         2966    i.USART_ITConfig    stm32f10x_usart.o
    0x08002668   0x08002668   0x000000d8   Code   RO         2967    i.USART_Init        stm32f10x_usart.o
    0x08002740   0x08002740   0x00000008   Code   RO         2977    i.USART_SendData    stm32f10x_usart.o
    0x08002748   0x08002748   0x00000004   Code   RO         3276    i.UsageFault_Handler  stm32f10x_it.o
    0x0800274c   0x0800274c   0x00000028   Code   RO         3856    i.__ARM_fpclassify  m_ws.l(fpclassify.o)
    0x08002774   0x08002774   0x000000aa   Code   RO         3858    i.__kernel_poly     m_ws.l(poly.o)
    0x0800281e   0x0800281e   0x00000006   Code   RO         3843    i.__mathlib_dbl_infnan  m_ws.l(dunder.o)
    0x08002824   0x08002824   0x0000000c   Code   RO         3845    i.__mathlib_dbl_invalid  m_ws.l(dunder.o)
    0x08002830   0x08002830   0x00000010   Code   RO         3848    i.__mathlib_dbl_underflow  m_ws.l(dunder.o)
    0x08002840   0x08002840   0x0000000e   Code   RO         3725    i._is_digit         c_w.l(__printf_wp.o)
    0x0800284e   0x0800284e   0x00000002   PAD
    0x08002850   0x08002850   0x00000270   Code   RO         3798    i.asin              m_ws.l(asin.o)
    0x08002ac0   0x08002ac0   0x0000003c   Code   RO         3197    i.changeA           main.o
    0x08002afc   0x08002afc   0x0000001c   Code   RO         3198    i.changeG           main.o
    0x08002b18   0x08002b18   0x000002b8   Code   RO         3199    i.main              main.o
    0x08002dd0   0x08002dd0   0x0000004c   Code   RO         3808    i.sqrt              m_ws.l(sqrt.o)
    0x08002e1c   0x08002e1c   0x0000002c   Code   RO         3917    locale$$code        c_w.l(lc_numeric_c.o)
    0x08002e48   0x08002e48   0x00000062   Code   RO         3747    x$fpl$d2f           fz_ws.l(d2f.o)
    0x08002eaa   0x08002eaa   0x00000002   PAD
    0x08002eac   0x08002eac   0x00000150   Code   RO         3749    x$fpl$dadd          fz_ws.l(daddsub_clz.o)
    0x08002ffc   0x08002ffc   0x00000010   Code   RO         3919    x$fpl$dcheck1       fz_ws.l(dcheck1.o)
    0x0800300c   0x0800300c   0x000002b0   Code   RO         3756    x$fpl$ddiv          fz_ws.l(ddiv.o)
    0x080032bc   0x080032bc   0x0000002e   Code   RO         3760    x$fpl$dflt          fz_ws.l(dflt_clz.o)
    0x080032ea   0x080032ea   0x00000002   PAD
    0x080032ec   0x080032ec   0x00000154   Code   RO         3765    x$fpl$dmul          fz_ws.l(dmul.o)
    0x08003440   0x08003440   0x0000009c   Code   RO         3827    x$fpl$dnaninf       fz_ws.l(dnaninf.o)
    0x080034dc   0x080034dc   0x0000000c   Code   RO         3829    x$fpl$dretinf       fz_ws.l(dretinf.o)
    0x080034e8   0x080034e8   0x00000016   Code   RO         3750    x$fpl$drsb          fz_ws.l(daddsub_clz.o)
    0x080034fe   0x080034fe   0x00000002   PAD
    0x08003500   0x08003500   0x000001cc   Code   RO         3831    x$fpl$dsqrt         fz_ws.l(dsqrt_noumaal.o)
    0x080036cc   0x080036cc   0x000001d4   Code   RO         3751    x$fpl$dsub          fz_ws.l(daddsub_clz.o)
    0x080038a0   0x080038a0   0x00000056   Code   RO         3767    x$fpl$f2d           fz_ws.l(f2d.o)
    0x080038f6   0x080038f6   0x00000002   PAD
    0x080038f8   0x080038f8   0x000000c4   Code   RO         3769    x$fpl$fadd          fz_ws.l(faddsub_clz.o)
    0x080039bc   0x080039bc   0x00000018   Code   RO         3833    x$fpl$fcmpinf       fz_ws.l(fcmpi.o)
    0x080039d4   0x080039d4   0x00000184   Code   RO         3776    x$fpl$fdiv          fz_ws.l(fdiv.o)
    0x08003b58   0x08003b58   0x0000003e   Code   RO         3779    x$fpl$ffixu         fz_ws.l(ffixu.o)
    0x08003b96   0x08003b96   0x00000002   PAD
    0x08003b98   0x08003b98   0x00000030   Code   RO         3784    x$fpl$fflt          fz_ws.l(fflt_clz.o)
    0x08003bc8   0x08003bc8   0x00000068   Code   RO         3789    x$fpl$fleqf         fz_ws.l(fleqf.o)
    0x08003c30   0x08003c30   0x00000102   Code   RO         3791    x$fpl$fmul          fz_ws.l(fmul.o)
    0x08003d32   0x08003d32   0x0000008c   Code   RO         3835    x$fpl$fnaninf       fz_ws.l(fnaninf.o)
    0x08003dbe   0x08003dbe   0x0000000a   Code   RO         3837    x$fpl$fretinf       fz_ws.l(fretinf.o)
    0x08003dc8   0x08003dc8   0x00000062   Code   RO         3793    x$fpl$frleqf        fz_ws.l(frleqf.o)
    0x08003e2a   0x08003e2a   0x00000002   PAD
    0x08003e2c   0x08003e2c   0x000000ea   Code   RO         3771    x$fpl$fsub          fz_ws.l(faddsub_clz.o)
    0x08003f16   0x08003f16   0x00000004   Code   RO         3795    x$fpl$printf1       fz_ws.l(printf1.o)
    0x08003f1a   0x08003f1a   0x00000064   Code   RO         3985    x$fpl$retnan        fz_ws.l(retnan.o)
    0x08003f7e   0x08003f7e   0x0000005c   Code   RO         3839    x$fpl$scalbn        fz_ws.l(scalbn.o)
    0x08003fda   0x08003fda   0x00000030   Code   RO         3993    x$fpl$trapveneer    fz_ws.l(trapv.o)
    0x0800400a   0x0800400a   0x00000000   Code   RO         3841    x$fpl$usenofp       fz_ws.l(usenofp.o)
    0x0800400a   0x0800400a   0x00000002   PAD
    0x0800400c   0x0800400c   0x00000015   Data   RO         3200    .constdata          main.o
    0x08004021   0x08004021   0x00000007   PAD
    0x08004028   0x08004028   0x00000050   Data   RO         3799    .constdata          m_ws.l(asin.o)
    0x08004078   0x08004078   0x00000094   Data   RO         3892    .constdata          c_w.l(bigflt0.o)
    0x0800410c   0x0800410c   0x00000020   Data   RO         4068    Region$$Table       anon$$obj.o
    0x0800412c   0x0800412c   0x0000001c   Data   RO         3916    locale$$data        c_w.l(lc_numeric_c.o)


    Execution Region RW_IRAM1 (Exec base: 0x20000000, Load base: 0x08004148, Size: 0x00000a00, Max: 0x00005000, ABSOLUTE, COMPRESSED[0x00000194])

    Exec Addr    Load Addr    Size         Type   Attr      Idx    E Section Name        Object

    0x20000000   COMPRESSED   0x00000014   Data   RW           28    .data               system_stm32f10x.o
    0x20000014   COMPRESSED   0x00000014   Data   RW         1805    .data               stm32f10x_rcc.o
    0x20000028   COMPRESSED   0x00000030   Data   RW         3201    .data               main.o
    0x20000058   COMPRESSED   0x00000004   Data   RW         3349    .data               delay.o
    0x2000005c   COMPRESSED   0x00000340   Data   RW         3388    .data               oled.o
    0x2000039c        -       0x00000060   Zero   RW         3926    .bss                c_w.l(libspace.o)
    0x200003fc   COMPRESSED   0x00000004   PAD
    0x20000400        -       0x00000200   Zero   RW            2    HEAP                startup_stm32f10x_md.o
    0x20000600        -       0x00000400   Zero   RW            1    STACK               startup_stm32f10x_md.o


==============================================================================

Image component sizes


      Code (inc. data)   RO Data    RW Data    ZI Data      Debug   Object Name

       184         12          0          0          0       1977   bluetooth.o
         0          0          0          0          0       4500   core_cm3.o
       220         26          0          4          0       1679   delay.o
        80         10          0          0          0        944   key.o
      1912        140         21         48          0       3455   main.o
       172         22          0          0          0     205253   misc.o
       336          0          0          0          0       2778   mpu6050.o
       338         18          0          0          0       4886   myi2c.o
       650         16          0        832          0       3543   oled.o
       168          6          0          0          0       1109   pwm.o
        68         12          0          0          0        930   servo.o
        64         26        236          0       1536        816   startup_stm32f10x_md.o
         0          0          0          0          0       1660   stm32f10x_adc.o
       458          6          0          0          0      13158   stm32f10x_gpio.o
        26          0          0          0          0       3766   stm32f10x_it.o
       276         32          0         20          0      12994   stm32f10x_rcc.o
       388         52          0          0          0      24106   stm32f10x_tim.o
       348          6          0          0          0      10661   stm32f10x_usart.o
        68          8          0          0          0        485   swich.o
       328         28          0         20          0      45525   system_stm32f10x.o

    ----------------------------------------------------------------------
      6098        420        296        924       1536     344225   Object Totals
         0          0         32          0          0          0   (incl. Generated)
        14          0          7          0          0          0   (incl. Padding)

    ----------------------------------------------------------------------

      Code (inc. data)   RO Data    RW Data    ZI Data      Debug   Library Member Name

        90          0          0          0          0          0   __dczerorl2.o
         8          0          0          0          0         68   __main.o
       284          0          0          0          0        156   __printf_wp.o
         0          0          0          0          0          0   __rtentry.o
        12          0          0          0          0          0   __rtentry2.o
         6          0          0          0          0          0   __rtentry4.o
        52          8          0          0          0          0   __scatter.o
        28          0          0          0          0          0   __scatter_zi.o
        48          6          0          0          0         96   _printf_char_common.o
         6          0          0          0          0          0   _printf_f.o
      1054          0          0          0          0        216   _printf_fp_dec.o
       128         16          0          0          0         84   _printf_fp_infnan.o
         0          0          0          0          0          0   _printf_percent.o
         4          0          0          0          0          0   _printf_percent_end.o
        22          0          0          0          0        100   _rserrno.o
        10          0          0          0          0         68   _sputc.o
       228          4        148          0          0         96   bigflt0.o
      1936        128          0          0          0        672   btod.o
        18          0          0          0          0         80   exit.o
         6          0          0          0          0        152   heapauxi.o
         0          0          0          0          0          0   indicate_semi.o
        44         10         28          0          0         76   lc_numeric_c.o
         2          0          0          0          0          0   libinit.o
        18          0          0          0          0          0   libinit2.o
         2          0          0          0          0          0   libshutdown.o
         2          0          0          0          0          0   libshutdown2.o
         8          4          0          0         96         68   libspace.o
       138          0          0          0          0         80   lludiv10.o
        40          6          0          0          0         84   noretval__2sprintf.o
         8          4          0          0          0         68   rt_errno_addr_intlibspace.o
         8          4          0          0          0         68   rt_locale_intlibspace.o
       100          0          0          0          0         80   rt_memcpy_w.o
         2          0          0          0          0          0   rtexit.o
        10          0          0          0          0          0   rtexit2.o
        24          0          0          0          0         68   strcat.o
       128          0          0          0          0         68   strcmpv7m.o
        12          4          0          0          0         68   sys_exit.o
        74          0          0          0          0         80   sys_stackheap_outer.o
         2          0          0          0          0         68   use_no_semi.o
        98          4          0          0          0         92   d2f.o
       826         16          0          0          0        348   daddsub_clz.o
        16          4          0          0          0         68   dcheck1.o
       688        140          0          0          0        208   ddiv.o
        46          0          0          0          0         68   dflt_clz.o
       340         12          0          0          0        104   dmul.o
       156          4          0          0          0         92   dnaninf.o
        12          0          0          0          0         68   dretinf.o
       460         56          0          0          0        120   dsqrt_noumaal.o
        86          4          0          0          0         84   f2d.o
       430          8          0          0          0        168   faddsub_clz.o
        24          0          0          0          0         68   fcmpi.o
       388         76          0          0          0         96   fdiv.o
        62          4          0          0          0         84   ffixu.o
        48          0          0          0          0         68   fflt_clz.o
       104          4          0          0          0         84   fleqf.o
       258          4          0          0          0         84   fmul.o
       140          4          0          0          0         84   fnaninf.o
        10          0          0          0          0         68   fretinf.o
        98          0          0          0          0         68   frleqf.o
         4          0          0          0          0         68   printf1.o
       100          0          0          0          0         68   retnan.o
        92          0          0          0          0         68   scalbn.o
        48          0          0          0          0         68   trapv.o
         0          0          0          0          0          0   usenofp.o
       624         52         80          0          0        168   asin.o
        34          6          0          0          0        204   dunder.o
        40          0          0          0          0         68   fpclassify.o
       170          0          0          0          0         96   poly.o
        76          0          0          0          0         84   sqrt.o

    ----------------------------------------------------------------------
     10062        592        256          0        100       5680   Library Totals
        22          0          0          0          4          0   (incl. Padding)

    ----------------------------------------------------------------------

      Code (inc. data)   RO Data    RW Data    ZI Data      Debug   Library Name

      4562        194        176          0         96       2664   c_w.l
      4534        340          0          0          0       2396   fz_ws.l
       944         58         80          0          0        620   m_ws.l

    ----------------------------------------------------------------------
     10062        592        256          0        100       5680   Library Totals

    ----------------------------------------------------------------------

==============================================================================


      Code (inc. data)   RO Data    RW Data    ZI Data      Debug   

     16160       1012        552        924       1636     343141   Grand Totals
     16160       1012        552        404       1636     343141   ELF Image Totals (compressed)
     16160       1012        552        404          0          0   ROM Totals

==============================================================================

    Total RO  Size (Code + RO Data)                16712 (  16.32kB)
    Total RW  Size (RW Data + ZI Data)              2560 (   2.50kB)
    Total ROM Size (Code + RO Data + RW Data)      17116 (  16.71kB)

==============================================================================

